BL51 BANKED LINKER/LOCATER V6.22                                                        09/11/2020  21:18:19  PAGE 1


BL51 BANKED LINKER/LOCATER V6.22, INVOKED BY:
G:\KEIL\C51\BIN\BL51.EXE STARTUP.obj, test.obj TO test RAMSIZE (256)


MEMORY MODEL: SMALL


INPUT MODULES INCLUDED:
  STARTUP.obj (?C_STARTUP)
  test.obj (TEST)
  G:\KEIL\C51\LIB\C51S.LIB (?C_INIT)
  G:\KEIL\C51\LIB\C51S.LIB (?C?UIDIV)
  G:\KEIL\C51\LIB\C51S.LIB (?C?SIDIV)
  G:\KEIL\C51\LIB\C51S.LIB (RAND)


LINK MAP OF MODULE:  test (?C_STARTUP)


            TYPE    BASE      LENGTH    RELOCATION   SEGMENT NAME
            -----------------------------------------------------

            * * * * * * *   D A T A   M E M O R Y   * * * * * * *
            REG     0000H     0008H     ABSOLUTE     "REG BANK 0"
            DATA    0008H     0048H     UNIT         ?DT?TEST
            DATA    0050H     0004H     UNIT         ?DT?RAND?RAND
            DATA    0054H     0002H     UNIT         _DATA_GROUP_
            IDATA   0056H     0001H     UNIT         ?STACK

            * * * * * * *   C O D E   M E M O R Y   * * * * * * *
            CODE    0000H     0003H     ABSOLUTE     
                    0003H     07FDH                  *** GAP ***
            CODE    0800H     008CH     UNIT         ?C_C51STARTUP
            CODE    088CH     008BH     UNIT         ?C?LIB_CODE
            CODE    0917H     007CH     UNIT         ?PR?UPLOAD?TEST
            CODE    0993H     0063H     UNIT         ?C_INITSEG
            CODE    09F6H     0060H     UNIT         ?PR?NAVKEY_PROCESS?TEST
            CODE    0A56H     005BH     UNIT         ?PR?PRINT_LIST?TEST
            CODE    0AB1H     0057H     UNIT         ?PR?GAME?TEST
            CODE    0B08H     004EH     UNIT         ?PR?INIT?TEST
            CODE    0B56H     004DH     UNIT         ?PR?RAND?RAND
            CODE    0BA3H     004CH     UNIT         ?PR?PRINT_MANU?TEST
            CODE    0BEFH     004AH     UNIT         ?PR?QUESTION?TEST
            CODE    0C39H     004AH     UNIT         ?PR?MAIN?TEST
            CODE    0C83H     0042H     UNIT         ?PR?LOGIN?TEST
            CODE    0CC5H     0042H     UNIT         ?PR?RESTART?TEST
            CODE    0D07H     0034H     UNIT         ?PR?LIST?TEST
            CODE    0D3BH     002EH     UNIT         ?PR?PRINT?TEST
            CODE    0D69H     002BH     UNIT         ?PR?READBYTE?TEST
            CODE    0D94H     0029H     UNIT         ?PR?GAME_BACK?TEST
            CODE    0DBDH     0026H     UNIT         ?PR?NAVKEYCHECK?TEST
            CODE    0DE3H     0023H     UNIT         ?PR?_DELAY_MS?TEST
            CODE    0E06H     0023H     UNIT         ?PR?RESPONS?TEST
            CODE    0E29H     0022H     UNIT         ?PR?PRINT_GAME?TEST
            CODE    0E4BH     001EH     UNIT         ?PR?_WRITEBYTE?TEST
            CODE    0E69H     001CH     UNIT         ?PR?_READ_ADD?TEST
            CODE    0E85H     0017H     UNIT         ?PR?CLEAR?TEST
            CODE    0E9CH     0016H     UNIT         ?PR?PRINT_LOGIN?TEST
BL51 BANKED LINKER/LOCATER V6.22                                                      09/11/2020  21:18:19  PAGE 2


            CODE    0EB2H     0015H     UNIT         ?PR?_WRITE_ADD?TEST
            CODE    0EC7H     0012H     UNIT         ?PR?GETADC?TEST
            CODE    0ED9H     0010H     UNIT         ?PR?PRINT_BACK?TEST
            CODE    0EE9H     000BH     UNIT         ?PR?_DELAY?TEST
            CODE    0EF4H     000AH     UNIT         ?PR?IIC_INIT?TEST
            CODE    0EFEH     000AH     UNIT         ?PR?START?TEST
            CODE    0F08H     000AH     UNIT         ?PR?STOP?TEST
            CODE    0F12H     0006H     UNIT         ?PR?DELAY4?TEST



OVERLAY MAP OF MODULE:   test (?C_STARTUP)


SEGMENT                           DATA_GROUP 
  +--> CALLED SEGMENT           START    LENGTH
-----------------------------------------------
?C_C51STARTUP                   -----    -----
  +--> ?PR?MAIN?TEST
  +--> ?C_INITSEG

?PR?MAIN?TEST                   -----    -----
  +--> ?PR?INIT?TEST
  +--> ?PR?IIC_INIT?TEST
  +--> ?PR?PRINT_MANU?TEST
  +--> ?PR?PRINT?TEST
  +--> ?PR?_DELAY_MS?TEST
  +--> ?PR?LOGIN?TEST
  +--> ?PR?LIST?TEST
  +--> ?PR?RESTART?TEST

?PR?INIT?TEST                   -----    -----
  +--> ?PR?_READ_ADD?TEST

?PR?_READ_ADD?TEST              -----    -----
  +--> ?PR?START?TEST
  +--> ?PR?RESPONS?TEST
  +--> ?PR?_WRITEBYTE?TEST
  +--> ?PR?READBYTE?TEST
  +--> ?PR?STOP?TEST

?PR?START?TEST                  -----    -----
  +--> ?PR?DELAY4?TEST

?PR?RESPONS?TEST                -----    -----
  +--> ?PR?_WRITEBYTE?TEST
  +--> ?PR?DELAY4?TEST

?PR?_WRITEBYTE?TEST             -----    -----
  +--> ?PR?DELAY4?TEST

?PR?READBYTE?TEST               -----    -----
  +--> ?PR?DELAY4?TEST

?PR?STOP?TEST                   -----    -----
  +--> ?PR?DELAY4?TEST

BL51 BANKED LINKER/LOCATER V6.22                                                      09/11/2020  21:18:19  PAGE 3


?PR?IIC_INIT?TEST               -----    -----
  +--> ?PR?DELAY4?TEST

?PR?PRINT_MANU?TEST             -----    -----
  +--> ?PR?CLEAR?TEST

?PR?PRINT?TEST                  -----    -----
  +--> ?PR?_DELAY_MS?TEST

?PR?_DELAY_MS?TEST              0054H    0002H
  +--> ?PR?_WRITE_ADD?TEST

?PR?_WRITE_ADD?TEST             -----    -----
  +--> ?PR?START?TEST
  +--> ?PR?_WRITEBYTE?TEST
  +--> ?PR?RESPONS?TEST
  +--> ?PR?STOP?TEST

?PR?LOGIN?TEST                  -----    -----
  +--> ?PR?PRINT_LOGIN?TEST
  +--> ?PR?PRINT?TEST
  +--> ?PR?_DELAY_MS?TEST
  +--> ?PR?GAME?TEST

?PR?PRINT_LOGIN?TEST            -----    -----
  +--> ?PR?CLEAR?TEST

?PR?GAME?TEST                   -----    -----
  +--> ?PR?CLEAR?TEST
  +--> ?PR?QUESTION?TEST
  +--> ?PR?PRINT_GAME?TEST
  +--> ?PR?PRINT?TEST
  +--> ?PR?_DELAY_MS?TEST
  +--> ?PR?NAVKEY_PROCESS?TEST
  +--> ?PR?UPLOAD?TEST

?PR?QUESTION?TEST               -----    -----
  +--> ?PR?RAND?RAND

?PR?PRINT_GAME?TEST             -----    -----
  +--> ?PR?CLEAR?TEST

?PR?NAVKEY_PROCESS?TEST         -----    -----
  +--> ?PR?NAVKEYCHECK?TEST
  +--> ?PR?GAME_BACK?TEST
  +--> ?PR?_DELAY?TEST

?PR?NAVKEYCHECK?TEST            -----    -----
  +--> ?PR?GETADC?TEST
  +--> ?PR?_DELAY?TEST

?PR?GAME_BACK?TEST              -----    -----
  +--> ?PR?PRINT_BACK?TEST
  +--> ?PR?PRINT?TEST
  +--> ?PR?_DELAY_MS?TEST

?PR?PRINT_BACK?TEST             -----    -----
BL51 BANKED LINKER/LOCATER V6.22                                                      09/11/2020  21:18:19  PAGE 4


  +--> ?PR?CLEAR?TEST

?PR?UPLOAD?TEST                 -----    -----
  +--> ?PR?_DELAY_MS?TEST

?PR?LIST?TEST                   -----    -----
  +--> ?PR?PRINT_LIST?TEST
  +--> ?PR?PRINT?TEST
  +--> ?PR?_DELAY_MS?TEST

?PR?PRINT_LIST?TEST             -----    -----
  +--> ?PR?CLEAR?TEST
  +--> ?PR?_READ_ADD?TEST
  +--> ?PR?_DELAY_MS?TEST

?PR?RESTART?TEST                -----    -----
  +--> ?PR?CLEAR?TEST
  +--> ?PR?PRINT_BACK?TEST
  +--> ?PR?PRINT?TEST
  +--> ?PR?_DELAY_MS?TEST
  +--> ?PR?_WRITE_ADD?TEST



SYMBOL TABLE OF MODULE:  test (?C_STARTUP)

  VALUE           TYPE          NAME
  ----------------------------------

  -------         MODULE        ?C_STARTUP
  C:0800H         SEGMENT       ?C_C51STARTUP
  I:0056H         SEGMENT       ?STACK
  C:0000H         PUBLIC        ?C_STARTUP
  D:00E0H         SYMBOL        ACC
  D:00F0H         SYMBOL        B
  D:0083H         SYMBOL        DPH
  D:0082H         SYMBOL        DPL
  N:0000H         SYMBOL        IBPSTACK
  N:0100H         SYMBOL        IBPSTACKTOP
  N:0080H         SYMBOL        IDATALEN
  C:0803H         SYMBOL        IDATALOOP
  N:0000H         SYMBOL        PBPSTACK
  N:0100H         SYMBOL        PBPSTACKTOP
  N:0000H         SYMBOL        PDATALEN
  N:0000H         SYMBOL        PDATASTART
  N:0000H         SYMBOL        PPAGE
  N:0000H         SYMBOL        PPAGEENABLE
  D:00A0H         SYMBOL        PPAGE_SFR
  D:0081H         SYMBOL        SP
  C:0800H         SYMBOL        STARTUP1
  N:0000H         SYMBOL        XBPSTACK
  N:0000H         SYMBOL        XBPSTACKTOP
  N:0000H         SYMBOL        XDATALEN
  N:0000H         SYMBOL        XDATASTART
  C:0000H         LINE#         126
  C:0800H         LINE#         133
  C:0802H         LINE#         134
BL51 BANKED LINKER/LOCATER V6.22                                                      09/11/2020  21:18:19  PAGE 5


  C:0803H         LINE#         135
  C:0804H         LINE#         136
  C:0806H         LINE#         185
  C:0809H         LINE#         196
  -------         ENDMOD        ?C_STARTUP

  -------         MODULE        TEST
  C:0000H         SYMBOL        _ICE_DUMMY_
  D:0093H         PUBLIC        P0M1
  D:0096H         PUBLIC        P2M0
  D:0080H         PUBLIC        P0
  D:00B2H         PUBLIC        P3M0
  D:0095H         PUBLIC        P2M1
  D:0090H         PUBLIC        P1
  D:00B1H         PUBLIC        P3M1
  D:00A0H         PUBLIC        P2
  D:00B0H         PUBLIC        P3
  D:00C0H         PUBLIC        P4
  D:00C8H         PUBLIC        P5
  B:00A8H.7       PUBLIC        EA
  D:00E8H         PUBLIC        P6
  D:00F8H         PUBLIC        P7
  B:00A0H.3       PUBLIC        sbtLedSel
  C:0917H         PUBLIC        upload
  C:0CC5H         PUBLIC        restart
  C:0E85H         PUBLIC        clear
  D:00A8H         PUBLIC        IE
  C:0E11H         PUBLIC        respons
  C:0D94H         PUBLIC        game_back
  D:0008H         PUBLIC        player
  C:0EE9H         PUBLIC        _delay
  D:000AH         PUBLIC        back
  D:000CH         PUBLIC        answer
  D:00BDH         PUBLIC        ADC_RES
  C:0B08H         PUBLIC        Init
  C:09F6H         PUBLIC        NavKey_Process
  D:00B8H         PUBLIC        IP
  C:0C83H         PUBLIC        login
  C:0AB1H         PUBLIC        game
  B:00D0H.7       PUBLIC        CY
  D:000EH         PUBLIC        addr
  D:000FH         PUBLIC        option
  D:0010H         PUBLIC        score
  D:0097H         PUBLIC        CLK_DIV
  D:0012H         PUBLIC        arrDigitSelect
  C:0ED9H         PUBLIC        print_back
  D:00D8H         PUBLIC        CCON
  C:0C39H         PUBLIC        main
  B:00B0H.2       PUBLIC        sbtKey1
  D:001AH         PUBLIC        highest_sc
  B:00B0H.3       PUBLIC        sbtKey2
  C:0E69H         PUBLIC        _read_add
  D:001CH         PUBLIC        highest_er
  C:0E9CH         PUBLIC        print_login
  C:0E29H         PUBLIC        print_game
  C:0D3BH         PUBLIC        print
  C:0EFEH         PUBLIC        start
BL51 BANKED LINKER/LOCATER V6.22                                                      09/11/2020  21:18:19  PAGE 6


  D:00BCH         PUBLIC        ADC_CONTR
  C:0DBDH         PUBLIC        NavKeyCheck
  D:0098H         PUBLIC        SCON
  D:0089H         PUBLIC        TMOD
  D:0088H         PUBLIC        TCON
  C:0EB2H         PUBLIC        _write_add
  D:001EH         PUBLIC        arrPrintSelect
  D:002EH         PUBLIC        ques_flag
  C:0D07H         PUBLIC        list
  D:0030H         PUBLIC        ques
  C:0BA3H         PUBLIC        print_manu
  C:0F17H         PUBLIC        delay4
  C:0F08H         PUBLIC        stop
  B:00B0H.4       PUBLIC        sbtBeep
  B:00A8H.1       PUBLIC        ET0
  D:0032H         PUBLIC        arrSegSelect
  D:008CH         PUBLIC        TH0
  B:0088H.0       PUBLIC        IT0
  B:0088H.2       PUBLIC        IT1
  C:0A56H         PUBLIC        print_list
  D:008AH         PUBLIC        TL0
  C:0DEEH         PUBLIC        _delay_ms
  C:0D69H         PUBLIC        readbyte
  B:0088H.4       PUBLIC        TR0
  B:00C0H.0       PUBLIC        SDA
  D:009DH         PUBLIC        P1ASF
  B:00C8H.5       PUBLIC        SCL
  C:0E4BH         PUBLIC        _writebyte
  D:0047H         PUBLIC        i
  D:0048H         PUBLIC        tmpLed
  C:0EC7H         PUBLIC        GetADC
  C:0EF4H         PUBLIC        IIC_init
  D:0049H         PUBLIC        ques0
  D:004BH         PUBLIC        ques1
  D:004DH         PUBLIC        ques2
  D:004FH         PUBLIC        uiLed
  D:00D0H         PUBLIC        PSW
  C:0BEFH         PUBLIC        question
  D:0094H         PUBLIC        P0M0
  -------         PROC          _DELAY
  D:0006H         SYMBOL        n
  C:0EE9H         LINE#         50
  C:0EE9H         LINE#         51
  C:0EE9H         LINE#         52
  C:0EF3H         LINE#         54
  -------         ENDPROC       _DELAY
  C:0DE7H         SYMBOL        L?0168
  C:0DEAH         SYMBOL        L?0169
  -------         PROC          L?0167
  -------         ENDPROC       L?0167
  C:0DE7H         SYMBOL        L?0168
  C:0DEAH         SYMBOL        L?0169
  -------         PROC          _DELAY_MS
  D:0006H         SYMBOL        n
  -------         DO            
  D:0054H         SYMBOL        i
  D:0055H         SYMBOL        j
BL51 BANKED LINKER/LOCATER V6.22                                                      09/11/2020  21:18:19  PAGE 7


  -------         ENDDO         
  C:0DEEH         LINE#         55
  C:0DEEH         LINE#         56
  C:0DEEH         LINE#         57
  C:0DF2H         LINE#         58
  C:0DF2H         LINE#         60
  C:0DF5H         LINE#         61
  C:0DF8H         LINE#         63
  C:0DF8H         LINE#         64
  C:0DFBH         LINE#         66
  C:0DFEH         LINE#         67
  C:0E03H         LINE#         68
  C:0E05H         LINE#         69
  -------         ENDPROC       _DELAY_MS
  C:0F12H         SYMBOL        L?0172
  -------         PROC          L?0171
  -------         ENDPROC       L?0171
  C:0F12H         SYMBOL        L?0172
  -------         PROC          DELAY4
  C:0F17H         LINE#         70
  C:0F17H         LINE#         71
  C:0F17H         LINE#         74
  -------         ENDPROC       DELAY4
  -------         PROC          IIC_INIT
  C:0EF4H         LINE#         77
  C:0EF4H         LINE#         78
  C:0EF4H         LINE#         79
  C:0EF6H         LINE#         80
  C:0EF9H         LINE#         81
  C:0EFBH         LINE#         82
  -------         ENDPROC       IIC_INIT
  -------         PROC          START
  C:0EFEH         LINE#         86
  C:0EFEH         LINE#         87
  C:0EFEH         LINE#         88
  C:0F00H         LINE#         89
  C:0F00H         LINE#         90
  C:0F00H         LINE#         91
  C:0F03H         LINE#         92
  C:0F05H         LINE#         93
  -------         ENDPROC       START
  -------         PROC          STOP
  C:0F08H         LINE#         97
  C:0F08H         LINE#         98
  C:0F08H         LINE#         99
  C:0F0AH         LINE#         100
  C:0F0AH         LINE#         101
  C:0F0AH         LINE#         102
  C:0F0DH         LINE#         103
  C:0F0FH         LINE#         104
  -------         ENDPROC       STOP
  -------         PROC          L?0170
  -------         ENDPROC       L?0170
  -------         PROC          RESPONS
  -------         DO            
  D:0007H         SYMBOL        i
  -------         ENDDO         
BL51 BANKED LINKER/LOCATER V6.22                                                      09/11/2020  21:18:19  PAGE 8


  C:0E11H         LINE#         108
  C:0E11H         LINE#         109
  C:0E11H         LINE#         110
  C:0E13H         LINE#         111
  C:0E15H         LINE#         112
  C:0E18H         LINE#         113
  C:0E21H         LINE#         114
  C:0E24H         LINE#         115
  C:0E26H         LINE#         116
  -------         ENDPROC       RESPONS
  -------         PROC          _WRITEBYTE
  D:0007H         SYMBOL        date
  -------         DO            
  D:0006H         SYMBOL        i
  D:0007H         SYMBOL        temp
  -------         ENDDO         
  C:0E4BH         LINE#         120
  C:0E4BH         LINE#         121
  C:0E4BH         LINE#         123
  C:0E4BH         LINE#         124
  C:0E4DH         LINE#         125
  C:0E4DH         LINE#         126
  C:0E51H         LINE#         127
  C:0E53H         LINE#         128
  C:0E56H         LINE#         129
  C:0E58H         LINE#         130
  C:0E58H         LINE#         131
  C:0E58H         LINE#         132
  C:0E5BH         LINE#         133
  C:0E5FH         LINE#         134
  C:0E61H         LINE#         135
  C:0E64H         LINE#         136
  C:0E66H         LINE#         137
  -------         ENDPROC       _WRITEBYTE
  -------         PROC          READBYTE
  -------         DO            
  D:0006H         SYMBOL        i
  D:0007H         SYMBOL        k
  -------         ENDDO         
  C:0D69H         LINE#         141
  C:0D69H         LINE#         142
  C:0D69H         LINE#         144
  C:0D6BH         LINE#         145
  C:0D6EH         LINE#         146
  C:0D70H         LINE#         147
  C:0D73H         LINE#         148
  C:0D75H         LINE#         149
  C:0D75H         LINE#         150
  C:0D77H         LINE#         151
  C:0D7AH         LINE#         152
  C:0D84H         LINE#         153
  C:0D87H         LINE#         154
  C:0D89H         LINE#         155
  C:0D8CH         LINE#         156
  C:0D90H         LINE#         157
  C:0D93H         LINE#         158
  C:0D93H         LINE#         159
BL51 BANKED LINKER/LOCATER V6.22                                                      09/11/2020  21:18:19  PAGE 9


  -------         ENDPROC       READBYTE
  -------         PROC          _WRITE_ADD
  D:0004H         SYMBOL        addr
  D:0005H         SYMBOL        date
  C:0EB2H         LINE#         162
  C:0EB4H         LINE#         163
  C:0EB4H         LINE#         164
  C:0EB7H         LINE#         165
  C:0EBCH         LINE#         166
  C:0EBFH         LINE#         167
  C:0EC1H         LINE#         168
  C:0EC1H         LINE#         169
  C:0EC1H         LINE#         170
  C:0EC4H         LINE#         171
  -------         ENDPROC       _WRITE_ADD
  -------         PROC          _READ_ADD
  D:0005H         SYMBOL        addr
  -------         DO            
  D:0007H         SYMBOL        date
  -------         ENDDO         
  C:0E69H         LINE#         175
  C:0E6BH         LINE#         176
  C:0E6BH         LINE#         178
  C:0E6EH         LINE#         179
  C:0E70H         LINE#         180
  C:0E70H         LINE#         181
  C:0E70H         LINE#         182
  C:0E73H         LINE#         183
  C:0E76H         LINE#         184
  C:0E7BH         LINE#         185
  C:0E7EH         LINE#         186
  C:0E81H         LINE#         187
  C:0E84H         LINE#         188
  C:0E84H         LINE#         189
  -------         ENDPROC       _READ_ADD
  -------         PROC          UPLOAD
  C:0917H         LINE#         194
  C:0917H         LINE#         195
  C:0917H         LINE#         196
  C:091AH         LINE#         197
  C:091DH         LINE#         198
  C:0921H         LINE#         199
  C:0927H         LINE#         200
  C:092DH         LINE#         201
  C:0939H         LINE#         202
  C:0939H         LINE#         203
  C:0941H         LINE#         204
  C:0947H         LINE#         205
  C:0947H         LINE#         206
  C:094DH         LINE#         207
  C:0953H         LINE#         208
  C:0956H         LINE#         209
  C:0959H         LINE#         210
  C:0959H         LINE#         211
  C:095CH         LINE#         212
  C:0963H         LINE#         213
  C:0963H         LINE#         214
BL51 BANKED LINKER/LOCATER V6.22                                                      09/11/2020  21:18:19  PAGE 10


  C:0963H         LINE#         215
  C:0963H         LINE#         217
  C:0965H         LINE#         219
  C:0965H         LINE#         220
  C:0970H         LINE#         221
  C:0970H         LINE#         222
  C:0976H         LINE#         223
  C:097CH         LINE#         224
  C:0980H         LINE#         225
  C:0983H         LINE#         226
  C:0983H         LINE#         227
  C:0986H         LINE#         228
  C:0986H         LINE#         230
  C:098AH         LINE#         231
  C:098DH         LINE#         232
  C:0992H         LINE#         233
  C:0992H         LINE#         234
  -------         ENDPROC       UPLOAD
  -------         PROC          GETADC
  -------         DO            
  D:0007H         SYMBOL        ucAdcRes
  -------         ENDDO         
  C:0EC7H         LINE#         237
  C:0EC7H         LINE#         238
  C:0EC7H         LINE#         240
  C:0ECAH         LINE#         241
  C:0ECBH         LINE#         242
  C:0ECCH         LINE#         243
  C:0ECDH         LINE#         244
  C:0ECEH         LINE#         245
  C:0ED3H         LINE#         247
  C:0ED6H         LINE#         248
  C:0ED8H         LINE#         249
  C:0ED8H         LINE#         250
  -------         ENDPROC       GETADC
  -------         PROC          NAVKEYCHECK
  -------         DO            
  D:0007H         SYMBOL        key
  -------         ENDDO         
  C:0DBDH         LINE#         253
  C:0DBDH         LINE#         254
  C:0DBDH         LINE#         256
  C:0DC0H         LINE#         257
  C:0DC4H         LINE#         258
  C:0DC4H         LINE#         259
  C:0DCBH         LINE#         260
  C:0DCEH         LINE#         261
  C:0DD2H         LINE#         262
  C:0DD2H         LINE#         263
  C:0DD5H         LINE#         264
  C:0DDFH         LINE#         265
  C:0DE0H         LINE#         266
  C:0DE0H         LINE#         267
  C:0DE0H         LINE#         268
  C:0DE2H         LINE#         269
  -------         ENDPROC       NAVKEYCHECK
  -------         PROC          NAVKEY_PROCESS
BL51 BANKED LINKER/LOCATER V6.22                                                      09/11/2020  21:18:19  PAGE 11


  -------         DO            
  D:0007H         SYMBOL        ucNavKeyCurrent
  D:0005H         SYMBOL        ucNavKeyPast
  -------         ENDDO         
  C:09F6H         LINE#         272
  C:09F6H         LINE#         273
  C:09F6H         LINE#         277
  C:09F9H         LINE#         278
  C:09FEH         LINE#         279
  C:09FEH         LINE#         280
  C:0A00H         LINE#         281
  C:0A05H         LINE#         282
  C:0A0AH         LINE#         284
  C:0A19H         LINE#         285
  C:0A19H         LINE#         286
  C:0A19H         LINE#         287
  C:0A1DH         LINE#         288
  C:0A1FH         LINE#         290
  C:0A22H         LINE#         291
  C:0A24H         LINE#         292
  C:0A24H         LINE#         293
  C:0A29H         LINE#         294
  C:0A2EH         LINE#         296
  C:0A34H         LINE#         297
  C:0A36H         LINE#         298
  C:0A36H         LINE#         299
  C:0A3BH         LINE#         300
  C:0A40H         LINE#         302
  C:0A46H         LINE#         303
  C:0A48H         LINE#         304
  C:0A48H         LINE#         305
  C:0A4FH         LINE#         306
  C:0A4FH         LINE#         307
  C:0A4FH         LINE#         308
  C:0A4FH         LINE#         310
  -------         ENDPROC       NAVKEY_PROCESS
  -------         PROC          QUESTION
  C:0BEFH         LINE#         314
  C:0BEFH         LINE#         315
  C:0BEFH         LINE#         316
  C:0BFDH         LINE#         317
  C:0C0CH         LINE#         318
  C:0C22H         LINE#         319
  C:0C38H         LINE#         320
  -------         ENDPROC       QUESTION
  -------         PROC          CLEAR
  C:0E85H         LINE#         323
  C:0E85H         LINE#         324
  C:0E85H         LINE#         325
  C:0E88H         LINE#         326
  C:0E9BH         LINE#         327
  -------         ENDPROC       CLEAR
  -------         PROC          PRINT
  C:0D3BH         LINE#         330
  C:0D3BH         LINE#         331
  C:0D3BH         LINE#         332
  C:0D3EH         LINE#         333
BL51 BANKED LINKER/LOCATER V6.22                                                      09/11/2020  21:18:19  PAGE 12


  C:0D3EH         LINE#         334
  C:0D41H         LINE#         335
  C:0D49H         LINE#         336
  C:0D58H         LINE#         337
  C:0D5FH         LINE#         338
  C:0D68H         LINE#         339
  -------         ENDPROC       PRINT
  -------         PROC          PRINT_GAME
  C:0E29H         LINE#         342
  C:0E29H         LINE#         343
  C:0E29H         LINE#         344
  C:0E2CH         LINE#         345
  C:0E32H         LINE#         346
  C:0E38H         LINE#         347
  C:0E3EH         LINE#         348
  C:0E44H         LINE#         349
  C:0E4AH         LINE#         350
  -------         ENDPROC       PRINT_GAME
  -------         PROC          PRINT_MANU
  C:0BA3H         LINE#         353
  C:0BA3H         LINE#         354
  C:0BA3H         LINE#         355
  C:0BA6H         LINE#         356
  C:0BAAH         LINE#         357
  C:0BAAH         LINE#         358
  C:0BAEH         LINE#         359
  C:0BB3H         LINE#         360
  C:0BB7H         LINE#         361
  C:0BB8H         LINE#         362
  C:0BBDH         LINE#         363
  C:0BBDH         LINE#         364
  C:0BC3H         LINE#         365
  C:0BC9H         LINE#         366
  C:0BCFH         LINE#         367
  C:0BD5H         LINE#         368
  C:0BDBH         LINE#         369
  C:0BDCH         LINE#         371
  C:0BDCH         LINE#         372
  C:0BE2H         LINE#         373
  C:0BE8H         LINE#         374
  C:0BEEH         LINE#         375
  C:0BEEH         LINE#         376
  -------         ENDPROC       PRINT_MANU
  -------         PROC          PRINT_LIST
  C:0A56H         LINE#         379
  C:0A56H         LINE#         380
  C:0A56H         LINE#         381
  C:0A59H         LINE#         382
  C:0A5DH         LINE#         383
  C:0A5DH         LINE#         384
  C:0A62H         LINE#         385
  C:0A67H         LINE#         386
  C:0A6CH         LINE#         387
  C:0A71H         LINE#         388
  C:0A77H         LINE#         389
  C:0A7DH         LINE#         390
  C:0A7EH         LINE#         392
BL51 BANKED LINKER/LOCATER V6.22                                                      09/11/2020  21:18:19  PAGE 13


  C:0A7EH         LINE#         393
  C:0A84H         LINE#         394
  C:0A8AH         LINE#         395
  C:0A90H         LINE#         396
  C:0A96H         LINE#         397
  C:0AA1H         LINE#         398
  C:0AADH         LINE#         399
  C:0AB0H         LINE#         400
  C:0AB0H         LINE#         401
  -------         ENDPROC       PRINT_LIST
  -------         PROC          PRINT_LOGIN
  C:0E9CH         LINE#         404
  C:0E9CH         LINE#         405
  C:0E9CH         LINE#         406
  C:0E9FH         LINE#         407
  C:0EA5H         LINE#         408
  C:0EABH         LINE#         409
  C:0EB1H         LINE#         410
  -------         ENDPROC       PRINT_LOGIN
  -------         PROC          PRINT_BACK
  C:0ED9H         LINE#         413
  C:0ED9H         LINE#         414
  C:0ED9H         LINE#         415
  C:0EDCH         LINE#         416
  C:0EE2H         LINE#         417
  C:0EE8H         LINE#         418
  -------         ENDPROC       PRINT_BACK
  -------         PROC          GAME_BACK
  C:0D94H         LINE#         421
  C:0D94H         LINE#         422
  C:0D94H         LINE#         423
  C:0D94H         LINE#         424
  C:0D94H         LINE#         425
  C:0D96H         LINE#         426
  C:0D99H         LINE#         427
  C:0D9CH         LINE#         428
  C:0D9FH         LINE#         429
  C:0D9FH         LINE#         430
  C:0DA2H         LINE#         431
  C:0DA5H         LINE#         432
  C:0DA5H         LINE#         433
  C:0DA8H         LINE#         435
  C:0DA8H         LINE#         436
  C:0DADH         LINE#         437
  C:0DADH         LINE#         438
  C:0DADH         LINE#         439
  C:0DADH         LINE#         440
  C:0DB0H         LINE#         441
  C:0DB0H         LINE#         442
  C:0DB3H         LINE#         443
  C:0DB6H         LINE#         444
  C:0DB6H         LINE#         445
  C:0DB9H         LINE#         447
  C:0DB9H         LINE#         448
  C:0DBCH         LINE#         449
  C:0DBCH         LINE#         450
  C:0DBCH         LINE#         451
BL51 BANKED LINKER/LOCATER V6.22                                                      09/11/2020  21:18:19  PAGE 14


  C:0DBCH         LINE#         452
  C:0DBCH         LINE#         453
  -------         ENDPROC       GAME_BACK
  -------         PROC          GAME
  C:0AB1H         LINE#         456
  C:0AB1H         LINE#         457
  C:0AB1H         LINE#         458
  C:0AB4H         LINE#         459
  C:0AB4H         LINE#         460
  C:0AB4H         LINE#         461
  C:0AB6H         LINE#         462
  C:0ABCH         LINE#         463
  C:0ABCH         LINE#         464
  C:0ABFH         LINE#         465
  C:0AC5H         LINE#         466
  C:0AC5H         LINE#         467
  C:0AC8H         LINE#         468
  C:0ACBH         LINE#         469
  C:0ACDH         LINE#         470
  C:0AD0H         LINE#         471
  C:0AD6H         LINE#         472
  C:0ADDH         LINE#         473
  C:0AE0H         LINE#         474
  C:0AE3H         LINE#         475
  C:0AE3H         LINE#         476
  C:0AE6H         LINE#         477
  C:0AE9H         LINE#         478
  C:0AE9H         LINE#         479
  C:0AECH         LINE#         481
  C:0AEFH         LINE#         482
  C:0AEFH         LINE#         483
  C:0AEFH         LINE#         484
  C:0AF2H         LINE#         485
  C:0AF2H         LINE#         486
  C:0AF5H         LINE#         487
  C:0AF8H         LINE#         488
  C:0AF8H         LINE#         489
  C:0AFBH         LINE#         491
  C:0AFFH         LINE#         492
  C:0AFFH         LINE#         493
  C:0AFFH         LINE#         494
  -------         ENDPROC       GAME
  -------         PROC          LOGIN
  C:0C83H         LINE#         502
  C:0C83H         LINE#         503
  C:0C83H         LINE#         504
  C:0C86H         LINE#         505
  C:0C8AH         LINE#         506
  C:0C8AH         LINE#         507
  C:0C8AH         LINE#         508
  C:0C8CH         LINE#         509
  C:0C8FH         LINE#         510
  C:0C92H         LINE#         511
  C:0C95H         LINE#         512
  C:0C95H         LINE#         513
  C:0C98H         LINE#         514
  C:0C9BH         LINE#         515
BL51 BANKED LINKER/LOCATER V6.22                                                      09/11/2020  21:18:19  PAGE 15


  C:0C9BH         LINE#         516
  C:0C9EH         LINE#         518
  C:0C9EH         LINE#         519
  C:0CA1H         LINE#         521
  C:0CA1H         LINE#         522
  C:0CA1H         LINE#         523
  C:0CA1H         LINE#         524
  C:0CA4H         LINE#         525
  C:0CA4H         LINE#         526
  C:0CA7H         LINE#         527
  C:0CAAH         LINE#         528
  C:0CAAH         LINE#         529
  C:0CADH         LINE#         531
  C:0CB5H         LINE#         532
  C:0CBBH         LINE#         534
  C:0CC3H         LINE#         536
  C:0CC3H         LINE#         537
  C:0CC3H         LINE#         538
  -------         ENDPROC       LOGIN
  -------         PROC          LIST
  C:0D07H         LINE#         542
  C:0D07H         LINE#         543
  C:0D07H         LINE#         544
  C:0D09H         LINE#         545
  C:0D09H         LINE#         546
  C:0D09H         LINE#         547
  C:0D0BH         LINE#         548
  C:0D0EH         LINE#         549
  C:0D11H         LINE#         550
  C:0D14H         LINE#         551
  C:0D14H         LINE#         552
  C:0D17H         LINE#         553
  C:0D1AH         LINE#         554
  C:0D1AH         LINE#         555
  C:0D1DH         LINE#         557
  C:0D1DH         LINE#         558
  C:0D20H         LINE#         559
  C:0D21H         LINE#         560
  C:0D21H         LINE#         561
  C:0D21H         LINE#         562
  C:0D21H         LINE#         563
  C:0D24H         LINE#         564
  C:0D24H         LINE#         565
  C:0D27H         LINE#         566
  C:0D2AH         LINE#         567
  C:0D2AH         LINE#         568
  C:0D2DH         LINE#         570
  C:0D32H         LINE#         571
  C:0D37H         LINE#         573
  C:0D39H         LINE#         575
  C:0D39H         LINE#         576
  C:0D39H         LINE#         577
  -------         ENDPROC       LIST
  -------         PROC          RESTART
  C:0CC5H         LINE#         581
  C:0CC5H         LINE#         582
  C:0CC5H         LINE#         583
BL51 BANKED LINKER/LOCATER V6.22                                                      09/11/2020  21:18:19  PAGE 16


  C:0CC8H         LINE#         584
  C:0CCBH         LINE#         585
  C:0CCBH         LINE#         586
  C:0CCBH         LINE#         587
  C:0CCDH         LINE#         588
  C:0CD0H         LINE#         589
  C:0CD3H         LINE#         590
  C:0CD6H         LINE#         591
  C:0CD6H         LINE#         592
  C:0CD9H         LINE#         593
  C:0CDCH         LINE#         594
  C:0CDCH         LINE#         595
  C:0CDFH         LINE#         598
  C:0CE2H         LINE#         599
  C:0CE2H         LINE#         600
  C:0CE9H         LINE#         601
  C:0CF0H         LINE#         602
  C:0CFAH         LINE#         604
  C:0CFAH         LINE#         605
  C:0CFAH         LINE#         606
  C:0CFDH         LINE#         607
  C:0CFDH         LINE#         608
  C:0D00H         LINE#         609
  C:0D03H         LINE#         610
  C:0D03H         LINE#         611
  C:0D06H         LINE#         614
  C:0D06H         LINE#         615
  C:0D06H         LINE#         616
  C:0D06H         LINE#         617
  -------         ENDPROC       RESTART
  -------         PROC          INIT
  C:0B08H         LINE#         620
  C:0B08H         LINE#         621
  C:0B08H         LINE#         622
  C:0B0BH         LINE#         623
  C:0B0EH         LINE#         624
  C:0B10H         LINE#         625
  C:0B13H         LINE#         626
  C:0B15H         LINE#         627
  C:0B18H         LINE#         628
  C:0B1AH         LINE#         629
  C:0B1CH         LINE#         630
  C:0B1FH         LINE#         631
  C:0B21H         LINE#         632
  C:0B24H         LINE#         633
  C:0B26H         LINE#         634
  C:0B28H         LINE#         635
  C:0B2AH         LINE#         636
  C:0B2CH         LINE#         637
  C:0B2EH         LINE#         638
  C:0B31H         LINE#         639
  C:0B34H         LINE#         640
  C:0B36H         LINE#         641
  C:0B38H         LINE#         642
  C:0B3AH         LINE#         643
  C:0B3EH         LINE#         644
  C:0B40H         LINE#         645
BL51 BANKED LINKER/LOCATER V6.22                                                      09/11/2020  21:18:19  PAGE 17


  C:0B42H         LINE#         646
  C:0B4BH         LINE#         647
  C:0B55H         LINE#         648
  -------         ENDPROC       INIT
  -------         PROC          MAIN
  C:0C39H         LINE#         651
  C:0C39H         LINE#         652
  C:0C39H         LINE#         653
  C:0C3CH         LINE#         654
  C:0C3FH         LINE#         655
  C:0C3FH         LINE#         656
  C:0C3FH         LINE#         657
  C:0C41H         LINE#         658
  C:0C44H         LINE#         659
  C:0C47H         LINE#         660
  C:0C4AH         LINE#         661
  C:0C4AH         LINE#         662
  C:0C4DH         LINE#         663
  C:0C50H         LINE#         664
  C:0C50H         LINE#         665
  C:0C53H         LINE#         667
  C:0C57H         LINE#         668
  C:0C5CH         LINE#         669
  C:0C61H         LINE#         670
  C:0C66H         LINE#         672
  C:0C69H         LINE#         673
  C:0C69H         LINE#         674
  C:0C69H         LINE#         675
  C:0C6CH         LINE#         676
  C:0C6CH         LINE#         677
  C:0C6FH         LINE#         678
  C:0C72H         LINE#         679
  C:0C72H         LINE#         680
  C:0C75H         LINE#         682
  C:0C7AH         LINE#         683
  C:0C7FH         LINE#         685
  C:0C81H         LINE#         686
  C:0C81H         LINE#         687
  C:0C81H         LINE#         688
  -------         ENDPROC       MAIN
  -------         ENDMOD        TEST

  -------         MODULE        ?C?UIDIV
  C:088CH         PUBLIC        ?C?UIDIV
  -------         ENDMOD        ?C?UIDIV

  -------         MODULE        ?C?SIDIV
  C:08E1H         PUBLIC        ?C?SIDIV
  -------         ENDMOD        ?C?SIDIV

  -------         MODULE        RAND
  D:0050H         PUBLIC        ?SRAND?BYTE
  C:0B56H         PUBLIC        RAND
  C:0B98H         PUBLIC        _SRAND
  -------         ENDMOD        RAND

******************************************************************************
BL51 BANKED LINKER/LOCATER V6.22                                                      09/11/2020  21:18:19  PAGE 18


* RESTRICTED VERSION WITH 0800H BYTE CODE SIZE LIMIT; USED: 05C2H BYTE (71%) *
******************************************************************************

Program Size: data=87.0 xdata=0 code=1819
LINK/LOCATE RUN COMPLETE.  0 WARNING(S),  0 ERROR(S)
