BL51 BANKED LINKER/LOCATER V6.22                                                        09/11/2020  19:14:20  PAGE 1


BL51 BANKED LINKER/LOCATER V6.22, INVOKED BY:
G:\KEIL\C51\BIN\BL51.EXE STARTUP.obj, test.obj TO test RAMSIZE (256)


MEMORY MODEL: SMALL


INPUT MODULES INCLUDED:
  STARTUP.obj (?C_STARTUP)
  test.obj (TEST)
  G:\KEIL\C51\LIB\C51S.LIB (?C_INIT)
  G:\KEIL\C51\LIB\C51S.LIB (?C?UIDIV)
  G:\KEIL\C51\LIB\C51S.LIB (?C?SIDIV)
  G:\KEIL\C51\LIB\C51S.LIB (RAND)


LINK MAP OF MODULE:  test (?C_STARTUP)


            TYPE    BASE      LENGTH    RELOCATION   SEGMENT NAME
            -----------------------------------------------------

            * * * * * * *   D A T A   M E M O R Y   * * * * * * *
            REG     0000H     0008H     ABSOLUTE     "REG BANK 0"
            DATA    0008H     0004H     UNIT         ?DT?RAND?RAND
            DATA    000CH     0002H     UNIT         _DATA_GROUP_
                    000EH     0012H                  *** GAP ***
            BIT     0020H.0   0000H.1   UNIT         ?BI?TEST
                    0020H.1   0000H.7                *** GAP ***
            DATA    0021H     005FH     UNIT         ?DT?TEST
            IDATA   0080H     0001H     UNIT         ?STACK

            * * * * * * *   C O D E   M E M O R Y   * * * * * * *
            CODE    0000H     0003H     ABSOLUTE     
                    0003H     0008H                  *** GAP ***
            CODE    000BH     0003H     ABSOLUTE     
                    000EH     07F2H                  *** GAP ***
            CODE    0800H     008CH     UNIT         ?C_C51STARTUP
            CODE    088CH     008BH     UNIT         ?C?LIB_CODE
            CODE    0917H     007CH     UNIT         ?C_INITSEG
            CODE    0993H     0060H     UNIT         ?PR?NAVKEY_PROCESS?TEST
            CODE    09F3H     005AH     UNIT         ?PR?UPLOAD?TEST
            CODE    0A4DH     0059H     UNIT         ?PR?GAME?TEST
            CODE    0AA6H     0057H     UNIT         ?PR?PRINT_LIST?TEST
            CODE    0AFDH     004DH     UNIT         ?PR?RAND?RAND
            CODE    0B4AH     004AH     UNIT         ?PR?QUESTION?TEST
            CODE    0B94H     0042H     UNIT         ?PR?LOGIN?TEST
            CODE    0BD6H     003FH     UNIT         ?PR?INIT?TEST
            CODE    0C15H     0034H     UNIT         ?PR?PRINT_MANU?TEST
            CODE    0C49H     0034H     UNIT         ?PR?LIST?TEST
            CODE    0C7DH     0034H     UNIT         ?PR?MAIN?TEST
            CODE    0CB1H     002EH     UNIT         ?PR?PRINT?TEST
            CODE    0CDFH     0029H     UNIT         ?PR?GAME_BACK?TEST
            CODE    0D08H     0026H     UNIT         ?PR?NAVKEYCHECK?TEST
            CODE    0D2EH     0022H     UNIT         ?PR?PRINT_GAME?TEST
            CODE    0D50H     001CH     UNIT         ?PR?_DELAY_MS?TEST
            CODE    0D6CH     0017H     UNIT         ?PR?CLEAR?TEST
            CODE    0D83H     0016H     UNIT         ?PR?PRINT_LOGIN?TEST
BL51 BANKED LINKER/LOCATER V6.22                                                      09/11/2020  19:14:20  PAGE 2


            CODE    0D99H     0012H     UNIT         ?PR?GETADC?TEST
            CODE    0DABH     0010H     UNIT         ?PR?PRINT_BACK?TEST
            CODE    0DBBH     000BH     UNIT         ?PR?_DELAY?TEST
            CODE    0DC6H     0009H     UNIT         ?PR?T0_PROCESS?TEST



OVERLAY MAP OF MODULE:   test (?C_STARTUP)


SEGMENT                           DATA_GROUP 
  +--> CALLED SEGMENT           START    LENGTH
-----------------------------------------------
?C_C51STARTUP                   -----    -----
  +--> ?PR?MAIN?TEST
  +--> ?C_INITSEG

?PR?MAIN?TEST                   -----    -----
  +--> ?PR?INIT?TEST
  +--> ?PR?PRINT_MANU?TEST
  +--> ?PR?PRINT?TEST
  +--> ?PR?_DELAY_MS?TEST
  +--> ?PR?LOGIN?TEST
  +--> ?PR?LIST?TEST

?PR?PRINT_MANU?TEST             -----    -----
  +--> ?PR?CLEAR?TEST

?PR?PRINT?TEST                  -----    -----
  +--> ?PR?_DELAY_MS?TEST

?PR?_DELAY_MS?TEST              000CH    0002H

?PR?LOGIN?TEST                  -----    -----
  +--> ?PR?PRINT_LOGIN?TEST
  +--> ?PR?PRINT?TEST
  +--> ?PR?_DELAY_MS?TEST
  +--> ?PR?GAME?TEST

?PR?PRINT_LOGIN?TEST            -----    -----
  +--> ?PR?CLEAR?TEST

?PR?GAME?TEST                   -----    -----
  +--> ?PR?CLEAR?TEST
  +--> ?PR?QUESTION?TEST
  +--> ?PR?PRINT_GAME?TEST
  +--> ?PR?PRINT?TEST
  +--> ?PR?_DELAY_MS?TEST
  +--> ?PR?NAVKEY_PROCESS?TEST
  +--> ?PR?UPLOAD?TEST

?PR?QUESTION?TEST               -----    -----
  +--> ?PR?RAND?RAND

?PR?PRINT_GAME?TEST             -----    -----
  +--> ?PR?CLEAR?TEST

BL51 BANKED LINKER/LOCATER V6.22                                                      09/11/2020  19:14:20  PAGE 3


?PR?NAVKEY_PROCESS?TEST         -----    -----
  +--> ?PR?NAVKEYCHECK?TEST
  +--> ?PR?GAME_BACK?TEST
  +--> ?PR?_DELAY?TEST

?PR?NAVKEYCHECK?TEST            -----    -----
  +--> ?PR?GETADC?TEST
  +--> ?PR?_DELAY?TEST

?PR?GAME_BACK?TEST              -----    -----
  +--> ?PR?PRINT_BACK?TEST
  +--> ?PR?PRINT?TEST
  +--> ?PR?_DELAY_MS?TEST

?PR?PRINT_BACK?TEST             -----    -----
  +--> ?PR?CLEAR?TEST

?PR?LIST?TEST                   -----    -----
  +--> ?PR?PRINT_LIST?TEST
  +--> ?PR?PRINT?TEST
  +--> ?PR?_DELAY_MS?TEST

?PR?PRINT_LIST?TEST             -----    -----
  +--> ?PR?CLEAR?TEST



SYMBOL TABLE OF MODULE:  test (?C_STARTUP)

  VALUE           TYPE          NAME
  ----------------------------------

  -------         MODULE        ?C_STARTUP
  C:0800H         SEGMENT       ?C_C51STARTUP
  I:0080H         SEGMENT       ?STACK
  C:0000H         PUBLIC        ?C_STARTUP
  D:00E0H         SYMBOL        ACC
  D:00F0H         SYMBOL        B
  D:0083H         SYMBOL        DPH
  D:0082H         SYMBOL        DPL
  N:0000H         SYMBOL        IBPSTACK
  N:0100H         SYMBOL        IBPSTACKTOP
  N:0080H         SYMBOL        IDATALEN
  C:0803H         SYMBOL        IDATALOOP
  N:0000H         SYMBOL        PBPSTACK
  N:0100H         SYMBOL        PBPSTACKTOP
  N:0000H         SYMBOL        PDATALEN
  N:0000H         SYMBOL        PDATASTART
  N:0000H         SYMBOL        PPAGE
  N:0000H         SYMBOL        PPAGEENABLE
  D:00A0H         SYMBOL        PPAGE_SFR
  D:0081H         SYMBOL        SP
  C:0800H         SYMBOL        STARTUP1
  N:0000H         SYMBOL        XBPSTACK
  N:0000H         SYMBOL        XBPSTACKTOP
  N:0000H         SYMBOL        XDATALEN
  N:0000H         SYMBOL        XDATASTART
BL51 BANKED LINKER/LOCATER V6.22                                                      09/11/2020  19:14:20  PAGE 4


  C:0000H         LINE#         126
  C:0800H         LINE#         133
  C:0802H         LINE#         134
  C:0803H         LINE#         135
  C:0804H         LINE#         136
  C:0806H         LINE#         185
  C:0809H         LINE#         196
  -------         ENDMOD        ?C_STARTUP

  -------         MODULE        TEST
  C:0000H         SYMBOL        _ICE_DUMMY_
  D:0093H         PUBLIC        P0M1
  D:0096H         PUBLIC        P2M0
  D:0080H         PUBLIC        P0
  D:00B2H         PUBLIC        P3M0
  D:0095H         PUBLIC        P2M1
  D:0090H         PUBLIC        P1
  D:00B1H         PUBLIC        P3M1
  D:00A0H         PUBLIC        P2
  D:00B0H         PUBLIC        P3
  D:00C0H         PUBLIC        P4
  D:00C8H         PUBLIC        P5
  B:00A8H.7       PUBLIC        EA
  D:00E8H         PUBLIC        P6
  D:00F8H         PUBLIC        P7
  B:00A0H.3       PUBLIC        sbtLedSel
  C:09F3H         PUBLIC        upload
  C:0D6CH         PUBLIC        clear
  D:00A8H         PUBLIC        IE
  C:0CDFH         PUBLIC        game_back
  D:0021H         PUBLIC        player
  C:0DBBH         PUBLIC        _delay
  D:0023H         PUBLIC        back
  D:0025H         PUBLIC        answer
  D:00BDH         PUBLIC        ADC_RES
  C:0993H         PUBLIC        NavKey_Process
  C:0BD6H         PUBLIC        Init
  D:00B8H         PUBLIC        IP
  C:0B94H         PUBLIC        login
  C:0A4DH         PUBLIC        game
  D:0027H         PUBLIC        option
  D:0028H         PUBLIC        score
  D:0097H         PUBLIC        CLK_DIV
  D:002AH         PUBLIC        arrDigitSelect
  D:0032H         PUBLIC        arrLEDselect
  C:0DABH         PUBLIC        print_back
  D:00D8H         PUBLIC        CCON
  C:0C7DH         PUBLIC        main
  B:00B0H.2       PUBLIC        sbtKey1
  B:00B0H.3       PUBLIC        sbtKey2
  D:003AH         PUBLIC        highest_sc
  D:003CH         PUBLIC        highest_er
  C:0D83H         PUBLIC        print_login
  C:0D2EH         PUBLIC        print_game
  C:0CB1H         PUBLIC        print
  D:00BCH         PUBLIC        ADC_CONTR
  C:0D08H         PUBLIC        NavKeyCheck
BL51 BANKED LINKER/LOCATER V6.22                                                      09/11/2020  19:14:20  PAGE 5


  D:0098H         PUBLIC        SCON
  D:0089H         PUBLIC        TMOD
  D:0088H         PUBLIC        TCON
  D:003EH         PUBLIC        arrPrintSelect
  D:004EH         PUBLIC        ques_flag
  C:0C49H         PUBLIC        list
  D:0050H         PUBLIC        ques
  C:0C15H         PUBLIC        print_manu
  C:0DC6H         PUBLIC        T0_Process
  B:00B0H.4       PUBLIC        sbtBeep
  B:00A8H.1       PUBLIC        ET0
  D:0052H         PUBLIC        arrListSelect
  D:0062H         PUBLIC        arrSegSelect
  D:008CH         PUBLIC        TH0
  B:0088H.0       PUBLIC        IT0
  B:0088H.2       PUBLIC        IT1
  C:0AA6H         PUBLIC        print_list
  D:008AH         PUBLIC        TL0
  B:0020H.0       PUBLIC        btBeepFlag
  C:0D54H         PUBLIC        _delay_ms
  B:0088H.4       PUBLIC        TR0
  D:009DH         PUBLIC        P1ASF
  D:0077H         PUBLIC        i
  D:0078H         PUBLIC        tmpLed
  C:0D99H         PUBLIC        GetADC
  B:00A0H.4       PUBLIC        sbtVib
  D:0079H         PUBLIC        ques0
  D:007BH         PUBLIC        ques1
  D:007DH         PUBLIC        ques2
  D:007FH         PUBLIC        uiLed
  D:00D0H         PUBLIC        PSW
  C:0B4AH         PUBLIC        question
  D:0094H         PUBLIC        P0M0
  -------         PROC          INIT
  C:0BD6H         LINE#         48
  C:0BD6H         LINE#         49
  C:0BD6H         LINE#         50
  C:0BD9H         LINE#         51
  C:0BDCH         LINE#         52
  C:0BDEH         LINE#         53
  C:0BE1H         LINE#         54
  C:0BE3H         LINE#         55
  C:0BE6H         LINE#         57
  C:0BE8H         LINE#         58
  C:0BEBH         LINE#         59
  C:0BEDH         LINE#         60
  C:0BF0H         LINE#         61
  C:0BF2H         LINE#         62
  C:0BF4H         LINE#         63
  C:0BF6H         LINE#         64
  C:0BF8H         LINE#         65
  C:0BFAH         LINE#         66
  C:0BFDH         LINE#         67
  C:0C00H         LINE#         68
  C:0C02H         LINE#         69
  C:0C04H         LINE#         70
  C:0C06H         LINE#         71
BL51 BANKED LINKER/LOCATER V6.22                                                      09/11/2020  19:14:20  PAGE 6


  C:0C08H         LINE#         72
  C:0C0AH         LINE#         73
  C:0C0EH         LINE#         74
  C:0C10H         LINE#         75
  C:0C12H         LINE#         76
  C:0C14H         LINE#         77
  -------         ENDPROC       INIT
  -------         PROC          _DELAY
  D:0006H         SYMBOL        n
  C:0DBBH         LINE#         79
  C:0DBBH         LINE#         80
  C:0DBBH         LINE#         81
  C:0DC5H         LINE#         83
  -------         ENDPROC       _DELAY
  C:0D50H         SYMBOL        L?0135
  -------         PROC          L?0134
  -------         ENDPROC       L?0134
  C:0D50H         SYMBOL        L?0135
  -------         PROC          _DELAY_MS
  D:0006H         SYMBOL        n
  -------         DO            
  D:000CH         SYMBOL        i
  D:000DH         SYMBOL        j
  -------         ENDDO         
  C:0D54H         LINE#         84
  C:0D54H         LINE#         85
  C:0D54H         LINE#         86
  C:0D58H         LINE#         87
  C:0D58H         LINE#         89
  C:0D5BH         LINE#         90
  C:0D5EH         LINE#         92
  C:0D5EH         LINE#         93
  C:0D61H         LINE#         94
  C:0D61H         LINE#         95
  C:0D64H         LINE#         96
  C:0D69H         LINE#         97
  C:0D6BH         LINE#         98
  -------         ENDPROC       _DELAY_MS
  -------         PROC          UPLOAD
  C:09F3H         LINE#         100
  C:09F3H         LINE#         101
  C:09F3H         LINE#         102
  C:09F6H         LINE#         103
  C:09F9H         LINE#         104
  C:09FDH         LINE#         105
  C:0A03H         LINE#         106
  C:0A0DH         LINE#         107
  C:0A0DH         LINE#         108
  C:0A15H         LINE#         109
  C:0A1BH         LINE#         110
  C:0A1BH         LINE#         111
  C:0A21H         LINE#         112
  C:0A27H         LINE#         113
  C:0A27H         LINE#         114
  C:0A27H         LINE#         115
  C:0A27H         LINE#         116
  C:0A29H         LINE#         118
BL51 BANKED LINKER/LOCATER V6.22                                                      09/11/2020  19:14:20  PAGE 7


  C:0A29H         LINE#         119
  C:0A34H         LINE#         120
  C:0A34H         LINE#         121
  C:0A3AH         LINE#         122
  C:0A40H         LINE#         123
  C:0A40H         LINE#         127
  C:0A47H         LINE#         128
  C:0A4CH         LINE#         129
  C:0A4CH         LINE#         130
  -------         ENDPROC       UPLOAD
  -------         PROC          GETADC
  -------         DO            
  D:0007H         SYMBOL        ucAdcRes
  -------         ENDDO         
  C:0D99H         LINE#         133
  C:0D99H         LINE#         134
  C:0D99H         LINE#         136
  C:0D9CH         LINE#         137
  C:0D9DH         LINE#         138
  C:0D9EH         LINE#         139
  C:0D9FH         LINE#         140
  C:0DA0H         LINE#         141
  C:0DA5H         LINE#         142
  C:0DA8H         LINE#         143
  C:0DAAH         LINE#         144
  C:0DAAH         LINE#         145
  -------         ENDPROC       GETADC
  -------         PROC          NAVKEYCHECK
  -------         DO            
  D:0007H         SYMBOL        key
  -------         ENDDO         
  C:0D08H         LINE#         148
  C:0D08H         LINE#         149
  C:0D08H         LINE#         151
  C:0D0BH         LINE#         152
  C:0D0FH         LINE#         153
  C:0D0FH         LINE#         154
  C:0D16H         LINE#         155
  C:0D19H         LINE#         156
  C:0D1DH         LINE#         157
  C:0D1DH         LINE#         158
  C:0D20H         LINE#         159
  C:0D2AH         LINE#         160
  C:0D2BH         LINE#         161
  C:0D2BH         LINE#         162
  C:0D2BH         LINE#         163
  C:0D2DH         LINE#         164
  -------         ENDPROC       NAVKEYCHECK
  -------         PROC          NAVKEY_PROCESS
  -------         DO            
  D:0007H         SYMBOL        ucNavKeyCurrent
  D:0005H         SYMBOL        ucNavKeyPast
  -------         ENDDO         
  C:0993H         LINE#         167
  C:0993H         LINE#         168
  C:0993H         LINE#         172
  C:0996H         LINE#         173
BL51 BANKED LINKER/LOCATER V6.22                                                      09/11/2020  19:14:20  PAGE 8


  C:099BH         LINE#         174
  C:099BH         LINE#         175
  C:099DH         LINE#         176
  C:09A2H         LINE#         177
  C:09A7H         LINE#         179
  C:09B6H         LINE#         180
  C:09B6H         LINE#         181
  C:09B6H         LINE#         182
  C:09BAH         LINE#         183
  C:09BCH         LINE#         185
  C:09BFH         LINE#         186
  C:09C1H         LINE#         187
  C:09C1H         LINE#         188
  C:09C6H         LINE#         189
  C:09CBH         LINE#         191
  C:09D1H         LINE#         192
  C:09D3H         LINE#         193
  C:09D3H         LINE#         194
  C:09D8H         LINE#         195
  C:09DDH         LINE#         197
  C:09E3H         LINE#         198
  C:09E5H         LINE#         199
  C:09E5H         LINE#         200
  C:09ECH         LINE#         201
  C:09ECH         LINE#         202
  C:09ECH         LINE#         203
  C:09ECH         LINE#         205
  -------         ENDPROC       NAVKEY_PROCESS
  -------         PROC          QUESTION
  C:0B4AH         LINE#         208
  C:0B4AH         LINE#         209
  C:0B4AH         LINE#         210
  C:0B58H         LINE#         211
  C:0B67H         LINE#         212
  C:0B7DH         LINE#         213
  C:0B93H         LINE#         214
  -------         ENDPROC       QUESTION
  -------         PROC          CLEAR
  C:0D6CH         LINE#         216
  C:0D6CH         LINE#         217
  C:0D6CH         LINE#         218
  C:0D6FH         LINE#         219
  C:0D82H         LINE#         220
  -------         ENDPROC       CLEAR
  -------         PROC          PRINT
  C:0CB1H         LINE#         222
  C:0CB1H         LINE#         223
  C:0CB1H         LINE#         224
  C:0CB4H         LINE#         225
  C:0CB4H         LINE#         226
  C:0CB7H         LINE#         227
  C:0CBFH         LINE#         228
  C:0CCEH         LINE#         229
  C:0CD5H         LINE#         230
  C:0CDEH         LINE#         231
  -------         ENDPROC       PRINT
  -------         PROC          PRINT_GAME
BL51 BANKED LINKER/LOCATER V6.22                                                      09/11/2020  19:14:20  PAGE 9


  C:0D2EH         LINE#         233
  C:0D2EH         LINE#         234
  C:0D2EH         LINE#         235
  C:0D31H         LINE#         236
  C:0D37H         LINE#         237
  C:0D3DH         LINE#         238
  C:0D43H         LINE#         239
  C:0D49H         LINE#         240
  C:0D4FH         LINE#         241
  -------         ENDPROC       PRINT_GAME
  -------         PROC          PRINT_MANU
  C:0C15H         LINE#         243
  C:0C15H         LINE#         244
  C:0C15H         LINE#         245
  C:0C18H         LINE#         246
  C:0C1CH         LINE#         247
  C:0C1CH         LINE#         248
  C:0C20H         LINE#         249
  C:0C25H         LINE#         250
  C:0C29H         LINE#         251
  C:0C2AH         LINE#         253
  C:0C2AH         LINE#         254
  C:0C30H         LINE#         255
  C:0C36H         LINE#         256
  C:0C3CH         LINE#         257
  C:0C42H         LINE#         258
  C:0C48H         LINE#         259
  C:0C48H         LINE#         260
  -------         ENDPROC       PRINT_MANU
  -------         PROC          PRINT_LIST
  C:0AA6H         LINE#         262
  C:0AA6H         LINE#         263
  C:0AA6H         LINE#         264
  C:0AA9H         LINE#         265
  C:0AADH         LINE#         266
  C:0AADH         LINE#         267
  C:0AB2H         LINE#         268
  C:0AB7H         LINE#         269
  C:0ABCH         LINE#         270
  C:0AC1H         LINE#         271
  C:0AC7H         LINE#         272
  C:0ACDH         LINE#         273
  C:0ACEH         LINE#         275
  C:0ACEH         LINE#         276
  C:0AD4H         LINE#         277
  C:0ADAH         LINE#         278
  C:0AE0H         LINE#         279
  C:0AE6H         LINE#         280
  C:0AF1H         LINE#         281
  C:0AFCH         LINE#         282
  C:0AFCH         LINE#         283
  -------         ENDPROC       PRINT_LIST
  -------         PROC          PRINT_LOGIN
  C:0D83H         LINE#         285
  C:0D83H         LINE#         286
  C:0D83H         LINE#         287
  C:0D86H         LINE#         288
BL51 BANKED LINKER/LOCATER V6.22                                                      09/11/2020  19:14:20  PAGE 10


  C:0D8CH         LINE#         289
  C:0D92H         LINE#         290
  C:0D98H         LINE#         291
  -------         ENDPROC       PRINT_LOGIN
  -------         PROC          PRINT_BACK
  C:0DABH         LINE#         293
  C:0DABH         LINE#         294
  C:0DABH         LINE#         295
  C:0DAEH         LINE#         296
  C:0DB4H         LINE#         297
  C:0DBAH         LINE#         298
  -------         ENDPROC       PRINT_BACK
  -------         PROC          GAME_BACK
  C:0CDFH         LINE#         300
  C:0CDFH         LINE#         301
  C:0CDFH         LINE#         302
  C:0CDFH         LINE#         303
  C:0CDFH         LINE#         304
  C:0CE1H         LINE#         305
  C:0CE4H         LINE#         306
  C:0CE7H         LINE#         307
  C:0CEAH         LINE#         308
  C:0CEAH         LINE#         309
  C:0CEDH         LINE#         310
  C:0CF0H         LINE#         311
  C:0CF0H         LINE#         312
  C:0CF3H         LINE#         313
  C:0CF3H         LINE#         314
  C:0CF8H         LINE#         315
  C:0CF8H         LINE#         316
  C:0CF8H         LINE#         317
  C:0CF8H         LINE#         318
  C:0CFBH         LINE#         319
  C:0CFBH         LINE#         320
  C:0CFEH         LINE#         321
  C:0D01H         LINE#         322
  C:0D01H         LINE#         323
  C:0D04H         LINE#         324
  C:0D04H         LINE#         325
  C:0D07H         LINE#         326
  C:0D07H         LINE#         327
  C:0D07H         LINE#         328
  C:0D07H         LINE#         329
  C:0D07H         LINE#         330
  -------         ENDPROC       GAME_BACK
  -------         PROC          GAME
  -------         DO            
  C:0A50H         SYMBOL        loop1
  -------         ENDDO         
  C:0A4DH         LINE#         332
  C:0A4DH         LINE#         333
  C:0A4DH         LINE#         334
  C:0A50H         LINE#         335
  C:0A50H         LINE#         336
  C:0A50H         LINE#         337
  C:0A50H         LINE#         338
  C:0A52H         LINE#         339
BL51 BANKED LINKER/LOCATER V6.22                                                      09/11/2020  19:14:20  PAGE 11


  C:0A58H         LINE#         340
  C:0A58H         LINE#         341
  C:0A5BH         LINE#         342
  C:0A61H         LINE#         343
  C:0A61H         LINE#         344
  C:0A64H         LINE#         345
  C:0A67H         LINE#         346
  C:0A69H         LINE#         347
  C:0A6CH         LINE#         348
  C:0A72H         LINE#         349
  C:0A79H         LINE#         350
  C:0A7CH         LINE#         351
  C:0A7FH         LINE#         352
  C:0A7FH         LINE#         353
  C:0A82H         LINE#         354
  C:0A85H         LINE#         355
  C:0A85H         LINE#         356
  C:0A88H         LINE#         357
  C:0A8BH         LINE#         358
  C:0A8DH         LINE#         359
  C:0A8DH         LINE#         360
  C:0A8DH         LINE#         361
  C:0A90H         LINE#         362
  C:0A90H         LINE#         363
  C:0A93H         LINE#         364
  C:0A96H         LINE#         365
  C:0A96H         LINE#         366
  C:0A99H         LINE#         367
  C:0A9DH         LINE#         368
  C:0A9DH         LINE#         369
  C:0A9DH         LINE#         370
  -------         ENDPROC       GAME
  -------         PROC          LOGIN
  C:0B94H         LINE#         378
  C:0B94H         LINE#         379
  C:0B94H         LINE#         380
  C:0B97H         LINE#         381
  C:0B9BH         LINE#         382
  C:0B9BH         LINE#         383
  C:0B9BH         LINE#         384
  C:0B9DH         LINE#         385
  C:0BA0H         LINE#         386
  C:0BA3H         LINE#         387
  C:0BA6H         LINE#         388
  C:0BA6H         LINE#         389
  C:0BA9H         LINE#         390
  C:0BACH         LINE#         391
  C:0BACH         LINE#         392
  C:0BAFH         LINE#         393
  C:0BAFH         LINE#         394
  C:0BB2H         LINE#         396
  C:0BB2H         LINE#         397
  C:0BB2H         LINE#         398
  C:0BB2H         LINE#         399
  C:0BB5H         LINE#         400
  C:0BB5H         LINE#         401
  C:0BB8H         LINE#         402
BL51 BANKED LINKER/LOCATER V6.22                                                      09/11/2020  19:14:20  PAGE 12


  C:0BBBH         LINE#         403
  C:0BBBH         LINE#         404
  C:0BBEH         LINE#         405
  C:0BC6H         LINE#         406
  C:0BCCH         LINE#         408
  C:0BD4H         LINE#         410
  C:0BD4H         LINE#         411
  C:0BD4H         LINE#         412
  -------         ENDPROC       LOGIN
  -------         PROC          LIST
  C:0C49H         LINE#         417
  C:0C49H         LINE#         418
  C:0C49H         LINE#         419
  C:0C4BH         LINE#         420
  C:0C4BH         LINE#         421
  C:0C4BH         LINE#         422
  C:0C4DH         LINE#         423
  C:0C50H         LINE#         424
  C:0C53H         LINE#         425
  C:0C56H         LINE#         426
  C:0C56H         LINE#         427
  C:0C59H         LINE#         428
  C:0C5CH         LINE#         429
  C:0C5CH         LINE#         430
  C:0C5FH         LINE#         431
  C:0C5FH         LINE#         432
  C:0C62H         LINE#         433
  C:0C63H         LINE#         434
  C:0C63H         LINE#         435
  C:0C63H         LINE#         436
  C:0C63H         LINE#         437
  C:0C66H         LINE#         438
  C:0C66H         LINE#         439
  C:0C69H         LINE#         440
  C:0C6CH         LINE#         441
  C:0C6CH         LINE#         442
  C:0C6FH         LINE#         443
  C:0C74H         LINE#         444
  C:0C79H         LINE#         446
  C:0C7BH         LINE#         448
  C:0C7BH         LINE#         449
  C:0C7BH         LINE#         450
  -------         ENDPROC       LIST
  -------         PROC          MAIN
  C:0C7DH         LINE#         454
  C:0C7DH         LINE#         455
  C:0C7DH         LINE#         456
  C:0C80H         LINE#         457
  C:0C80H         LINE#         458
  C:0C80H         LINE#         459
  C:0C82H         LINE#         460
  C:0C85H         LINE#         461
  C:0C88H         LINE#         462
  C:0C8BH         LINE#         463
  C:0C8BH         LINE#         464
  C:0C8EH         LINE#         465
  C:0C91H         LINE#         466
BL51 BANKED LINKER/LOCATER V6.22                                                      09/11/2020  19:14:20  PAGE 13


  C:0C91H         LINE#         467
  C:0C94H         LINE#         468
  C:0C98H         LINE#         469
  C:0C9DH         LINE#         471
  C:0CA0H         LINE#         472
  C:0CA0H         LINE#         473
  C:0CA0H         LINE#         474
  C:0CA3H         LINE#         475
  C:0CA3H         LINE#         476
  C:0CA6H         LINE#         477
  C:0CA9H         LINE#         478
  C:0CA9H         LINE#         479
  C:0CACH         LINE#         480
  C:0CAFH         LINE#         481
  C:0CAFH         LINE#         482
  C:0CAFH         LINE#         483
  -------         ENDPROC       MAIN
  -------         PROC          T0_PROCESS
  C:0DC6H         LINE#         487
  C:0DC6H         LINE#         489
  C:0DC9H         LINE#         490
  C:0DC9H         LINE#         491
  C:0DCBH         LINE#         492
  C:0DCCH         LINE#         494
  C:0DCCH         LINE#         495
  C:0DCEH         LINE#         496
  C:0DCEH         LINE#         497
  -------         ENDPROC       T0_PROCESS
  -------         ENDMOD        TEST

  -------         MODULE        ?C?UIDIV
  C:088CH         PUBLIC        ?C?UIDIV
  -------         ENDMOD        ?C?UIDIV

  -------         MODULE        ?C?SIDIV
  C:08E1H         PUBLIC        ?C?SIDIV
  -------         ENDMOD        ?C?SIDIV

  -------         MODULE        RAND
  D:0008H         PUBLIC        ?SRAND?BYTE
  C:0AFDH         PUBLIC        RAND
  C:0B3FH         PUBLIC        _SRAND
  -------         ENDMOD        RAND

******************************************************************************
* RESTRICTED VERSION WITH 0800H BYTE CODE SIZE LIMIT; USED: 047CH BYTE (56%) *
******************************************************************************

Program Size: data=110.1 xdata=0 code=1493
LINK/LOCATE RUN COMPLETE.  0 WARNING(S),  0 ERROR(S)
