BL51 BANKED LINKER/LOCATER V6.22                                                        09/10/2020  22:30:23  PAGE 1


BL51 BANKED LINKER/LOCATER V6.22, INVOKED BY:
G:\KEIL\C51\BIN\BL51.EXE STARTUP.obj, test.obj TO test RAMSIZE (256)


MEMORY MODEL: SMALL


INPUT MODULES INCLUDED:
  STARTUP.obj (?C_STARTUP)
  test.obj (TEST)
  G:\KEIL\C51\LIB\C51S.LIB (?C_INIT)
  G:\KEIL\C51\LIB\C51S.LIB (?C?UIDIV)
  G:\KEIL\C51\LIB\C51S.LIB (?C?SIDIV)
  G:\KEIL\C51\LIB\C51S.LIB (RAND)


LINK MAP OF MODULE:  test (?C_STARTUP)


            TYPE    BASE      LENGTH    RELOCATION   SEGMENT NAME
            -----------------------------------------------------

            * * * * * * *   D A T A   M E M O R Y   * * * * * * *
            REG     0000H     0008H     ABSOLUTE     "REG BANK 0"
            DATA    0008H     0004H     UNIT         ?DT?RAND?RAND
            DATA    000CH     0002H     UNIT         _DATA_GROUP_
                    000EH     0012H                  *** GAP ***
            BIT     0020H.0   0000H.1   UNIT         ?BI?TEST
                    0020H.1   0000H.7                *** GAP ***
            DATA    0021H     005FH     UNIT         ?DT?TEST
            IDATA   0080H     0001H     UNIT         ?STACK

            * * * * * * *   C O D E   M E M O R Y   * * * * * * *
            CODE    0000H     0003H     ABSOLUTE     
                    0003H     0008H                  *** GAP ***
            CODE    000BH     0003H     ABSOLUTE     
                    000EH     07F2H                  *** GAP ***
            CODE    0800H     008CH     UNIT         ?C_C51STARTUP
            CODE    088CH     008BH     UNIT         ?C?LIB_CODE
            CODE    0917H     007CH     UNIT         ?C_INITSEG
            CODE    0993H     0065H     UNIT         ?PR?UPLOAD?TEST
            CODE    09F8H     0060H     UNIT         ?PR?NAVKEY_PROCESS?TEST
            CODE    0A58H     0057H     UNIT         ?PR?PRINT_LIST?TEST
            CODE    0AAFH     0052H     UNIT         ?PR?GAME?TEST
            CODE    0B01H     004DH     UNIT         ?PR?RAND?RAND
            CODE    0B4EH     004AH     UNIT         ?PR?QUESTION?TEST
            CODE    0B98H     0042H     UNIT         ?PR?LOGIN?TEST
            CODE    0BDAH     003FH     UNIT         ?PR?INIT?TEST
            CODE    0C19H     0034H     UNIT         ?PR?PRINT_MANU?TEST
            CODE    0C4DH     0034H     UNIT         ?PR?LIST?TEST
            CODE    0C81H     0034H     UNIT         ?PR?MAIN?TEST
            CODE    0CB5H     002EH     UNIT         ?PR?PRINT?TEST
            CODE    0CE3H     0029H     UNIT         ?PR?GAME_BACK?TEST
            CODE    0D0CH     0026H     UNIT         ?PR?NAVKEYCHECK?TEST
            CODE    0D32H     0022H     UNIT         ?PR?PRINT_GAME?TEST
            CODE    0D54H     001CH     UNIT         ?PR?_DELAY_MS?TEST
            CODE    0D70H     0017H     UNIT         ?PR?CLEAR?TEST
            CODE    0D87H     0016H     UNIT         ?PR?PRINT_LOGIN?TEST
BL51 BANKED LINKER/LOCATER V6.22                                                      09/10/2020  22:30:23  PAGE 2


            CODE    0D9DH     0012H     UNIT         ?PR?GETADC?TEST
            CODE    0DAFH     0011H     UNIT         ?PR?_DELAY?TEST
            CODE    0DC0H     0010H     UNIT         ?PR?PRINT_BACK?TEST
            CODE    0DD0H     0009H     UNIT         ?PR?T0_PROCESS?TEST



OVERLAY MAP OF MODULE:   test (?C_STARTUP)


SEGMENT                           DATA_GROUP 
  +--> CALLED SEGMENT           START    LENGTH
-----------------------------------------------
?C_C51STARTUP                   -----    -----
  +--> ?PR?MAIN?TEST
  +--> ?C_INITSEG

?PR?MAIN?TEST                   -----    -----
  +--> ?PR?INIT?TEST
  +--> ?PR?PRINT_MANU?TEST
  +--> ?PR?PRINT?TEST
  +--> ?PR?_DELAY_MS?TEST
  +--> ?PR?LOGIN?TEST
  +--> ?PR?LIST?TEST

?PR?PRINT_MANU?TEST             -----    -----
  +--> ?PR?CLEAR?TEST

?PR?PRINT?TEST                  -----    -----
  +--> ?PR?_DELAY_MS?TEST

?PR?_DELAY_MS?TEST              000CH    0002H

?PR?LOGIN?TEST                  -----    -----
  +--> ?PR?PRINT_LOGIN?TEST
  +--> ?PR?PRINT?TEST
  +--> ?PR?_DELAY_MS?TEST
  +--> ?PR?GAME?TEST

?PR?PRINT_LOGIN?TEST            -----    -----
  +--> ?PR?CLEAR?TEST

?PR?GAME?TEST                   -----    -----
  +--> ?PR?CLEAR?TEST
  +--> ?PR?QUESTION?TEST
  +--> ?PR?PRINT_GAME?TEST
  +--> ?PR?PRINT?TEST
  +--> ?PR?_DELAY_MS?TEST
  +--> ?PR?NAVKEY_PROCESS?TEST
  +--> ?PR?UPLOAD?TEST

?PR?QUESTION?TEST               -----    -----
  +--> ?PR?RAND?RAND

?PR?PRINT_GAME?TEST             -----    -----
  +--> ?PR?CLEAR?TEST

BL51 BANKED LINKER/LOCATER V6.22                                                      09/10/2020  22:30:23  PAGE 3


?PR?NAVKEY_PROCESS?TEST         -----    -----
  +--> ?PR?NAVKEYCHECK?TEST
  +--> ?PR?GAME_BACK?TEST
  +--> ?PR?_DELAY?TEST

?PR?NAVKEYCHECK?TEST            -----    -----
  +--> ?PR?GETADC?TEST
  +--> ?PR?_DELAY?TEST

?PR?GAME_BACK?TEST              -----    -----
  +--> ?PR?PRINT_BACK?TEST
  +--> ?PR?PRINT?TEST
  +--> ?PR?_DELAY_MS?TEST

?PR?PRINT_BACK?TEST             -----    -----
  +--> ?PR?CLEAR?TEST

?PR?UPLOAD?TEST                 -----    -----
  +--> ?PR?_DELAY?TEST

?PR?LIST?TEST                   -----    -----
  +--> ?PR?PRINT_LIST?TEST
  +--> ?PR?PRINT?TEST
  +--> ?PR?_DELAY_MS?TEST

?PR?PRINT_LIST?TEST             -----    -----
  +--> ?PR?CLEAR?TEST



SYMBOL TABLE OF MODULE:  test (?C_STARTUP)

  VALUE           TYPE          NAME
  ----------------------------------

  -------         MODULE        ?C_STARTUP
  C:0800H         SEGMENT       ?C_C51STARTUP
  I:0080H         SEGMENT       ?STACK
  C:0000H         PUBLIC        ?C_STARTUP
  D:00E0H         SYMBOL        ACC
  D:00F0H         SYMBOL        B
  D:0083H         SYMBOL        DPH
  D:0082H         SYMBOL        DPL
  N:0000H         SYMBOL        IBPSTACK
  N:0100H         SYMBOL        IBPSTACKTOP
  N:0080H         SYMBOL        IDATALEN
  C:0803H         SYMBOL        IDATALOOP
  N:0000H         SYMBOL        PBPSTACK
  N:0100H         SYMBOL        PBPSTACKTOP
  N:0000H         SYMBOL        PDATALEN
  N:0000H         SYMBOL        PDATASTART
  N:0000H         SYMBOL        PPAGE
  N:0000H         SYMBOL        PPAGEENABLE
  D:00A0H         SYMBOL        PPAGE_SFR
  D:0081H         SYMBOL        SP
  C:0800H         SYMBOL        STARTUP1
  N:0000H         SYMBOL        XBPSTACK
BL51 BANKED LINKER/LOCATER V6.22                                                      09/10/2020  22:30:23  PAGE 4


  N:0000H         SYMBOL        XBPSTACKTOP
  N:0000H         SYMBOL        XDATALEN
  N:0000H         SYMBOL        XDATASTART
  C:0000H         LINE#         126
  C:0800H         LINE#         133
  C:0802H         LINE#         134
  C:0803H         LINE#         135
  C:0804H         LINE#         136
  C:0806H         LINE#         185
  C:0809H         LINE#         196
  -------         ENDMOD        ?C_STARTUP

  -------         MODULE        TEST
  C:0000H         SYMBOL        _ICE_DUMMY_
  D:0093H         PUBLIC        P0M1
  D:0096H         PUBLIC        P2M0
  D:0080H         PUBLIC        P0
  D:00B2H         PUBLIC        P3M0
  D:0095H         PUBLIC        P2M1
  D:0090H         PUBLIC        P1
  D:00B1H         PUBLIC        P3M1
  D:00A0H         PUBLIC        P2
  D:00B0H         PUBLIC        P3
  D:00C0H         PUBLIC        P4
  D:00C8H         PUBLIC        P5
  B:00A8H.7       PUBLIC        EA
  D:00E8H         PUBLIC        P6
  D:00F8H         PUBLIC        P7
  B:00A0H.3       PUBLIC        sbtLedSel
  C:0993H         PUBLIC        upload
  C:0D70H         PUBLIC        clear
  D:00A8H         PUBLIC        IE
  C:0CE3H         PUBLIC        game_back
  D:0021H         PUBLIC        player
  C:0DB5H         PUBLIC        _delay
  D:0023H         PUBLIC        back
  D:0025H         PUBLIC        answer
  D:00BDH         PUBLIC        ADC_RES
  C:09F8H         PUBLIC        NavKey_Process
  C:0BDAH         PUBLIC        Init
  D:00B8H         PUBLIC        IP
  C:0B98H         PUBLIC        login
  C:0AAFH         PUBLIC        game
  D:0027H         PUBLIC        option
  D:0028H         PUBLIC        score
  D:0097H         PUBLIC        CLK_DIV
  D:002AH         PUBLIC        arrDigitSelect
  D:0032H         PUBLIC        arrLEDselect
  C:0DC0H         PUBLIC        print_back
  D:00D8H         PUBLIC        CCON
  C:0C81H         PUBLIC        main
  B:00B0H.2       PUBLIC        sbtKey1
  B:00B0H.3       PUBLIC        sbtKey2
  D:003AH         PUBLIC        highest_sc
  D:003CH         PUBLIC        highest_er
  C:0D87H         PUBLIC        print_login
  C:0D32H         PUBLIC        print_game
BL51 BANKED LINKER/LOCATER V6.22                                                      09/10/2020  22:30:23  PAGE 5


  C:0CB5H         PUBLIC        print
  D:00BCH         PUBLIC        ADC_CONTR
  C:0D0CH         PUBLIC        NavKeyCheck
  D:0098H         PUBLIC        SCON
  D:0089H         PUBLIC        TMOD
  D:0088H         PUBLIC        TCON
  D:003EH         PUBLIC        arrPrintSelect
  D:004EH         PUBLIC        ques_flag
  C:0C4DH         PUBLIC        list
  D:0050H         PUBLIC        ques
  C:0C19H         PUBLIC        print_manu
  C:0DD0H         PUBLIC        T0_Process
  B:00B0H.4       PUBLIC        sbtBeep
  B:00A8H.1       PUBLIC        ET0
  D:0052H         PUBLIC        arrListSelect
  D:0062H         PUBLIC        arrSegSelect
  D:008CH         PUBLIC        TH0
  B:0088H.0       PUBLIC        IT0
  B:0088H.2       PUBLIC        IT1
  C:0A58H         PUBLIC        print_list
  D:008AH         PUBLIC        TL0
  B:0020H.0       PUBLIC        btBeepFlag
  C:0D58H         PUBLIC        _delay_ms
  B:0088H.4       PUBLIC        TR0
  D:009DH         PUBLIC        P1ASF
  D:0077H         PUBLIC        i
  D:0078H         PUBLIC        tmpLed
  C:0D9DH         PUBLIC        GetADC
  B:00A0H.4       PUBLIC        sbtVib
  D:0079H         PUBLIC        ques0
  D:007BH         PUBLIC        ques1
  D:007DH         PUBLIC        ques2
  D:007FH         PUBLIC        uiLed
  D:00D0H         PUBLIC        PSW
  C:0B4EH         PUBLIC        question
  D:0094H         PUBLIC        P0M0
  -------         PROC          INIT
  C:0BDAH         LINE#         48
  C:0BDAH         LINE#         49
  C:0BDAH         LINE#         50
  C:0BDDH         LINE#         51
  C:0BE0H         LINE#         52
  C:0BE2H         LINE#         53
  C:0BE5H         LINE#         54
  C:0BE7H         LINE#         55
  C:0BEAH         LINE#         57
  C:0BECH         LINE#         58
  C:0BEFH         LINE#         59
  C:0BF1H         LINE#         60
  C:0BF4H         LINE#         61
  C:0BF6H         LINE#         62
  C:0BF8H         LINE#         63
  C:0BFAH         LINE#         64
  C:0BFCH         LINE#         65
  C:0BFEH         LINE#         66
  C:0C01H         LINE#         67
  C:0C04H         LINE#         68
BL51 BANKED LINKER/LOCATER V6.22                                                      09/10/2020  22:30:23  PAGE 6


  C:0C06H         LINE#         69
  C:0C08H         LINE#         70
  C:0C0AH         LINE#         71
  C:0C0CH         LINE#         72
  C:0C0EH         LINE#         73
  C:0C12H         LINE#         74
  C:0C14H         LINE#         75
  C:0C16H         LINE#         76
  C:0C18H         LINE#         77
  -------         ENDPROC       INIT
  C:0DAFH         SYMBOL        L?0135
  -------         PROC          L?0134
  -------         ENDPROC       L?0134
  C:0DAFH         SYMBOL        L?0135
  -------         PROC          _DELAY
  D:0006H         SYMBOL        n
  C:0DB5H         LINE#         79
  C:0DB5H         LINE#         80
  C:0DB5H         LINE#         81
  C:0DBFH         LINE#         83
  -------         ENDPROC       _DELAY
  C:0D54H         SYMBOL        L?0133
  -------         PROC          L?0132
  -------         ENDPROC       L?0132
  C:0D54H         SYMBOL        L?0133
  -------         PROC          _DELAY_MS
  D:0006H         SYMBOL        n
  -------         DO            
  D:000CH         SYMBOL        i
  D:000DH         SYMBOL        j
  -------         ENDDO         
  C:0D58H         LINE#         84
  C:0D58H         LINE#         85
  C:0D58H         LINE#         86
  C:0D5CH         LINE#         87
  C:0D5CH         LINE#         89
  C:0D5FH         LINE#         90
  C:0D62H         LINE#         92
  C:0D62H         LINE#         93
  C:0D65H         LINE#         94
  C:0D65H         LINE#         95
  C:0D68H         LINE#         96
  C:0D6DH         LINE#         97
  C:0D6FH         LINE#         98
  -------         ENDPROC       _DELAY_MS
  -------         PROC          UPLOAD
  C:0993H         LINE#         100
  C:0993H         LINE#         101
  C:0993H         LINE#         102
  C:0996H         LINE#         103
  C:0999H         LINE#         104
  C:099DH         LINE#         105
  C:09A3H         LINE#         106
  C:09AFH         LINE#         107
  C:09AFH         LINE#         108
  C:09B7H         LINE#         109
  C:09B7H         LINE#         110
BL51 BANKED LINKER/LOCATER V6.22                                                      09/10/2020  22:30:23  PAGE 7


  C:09BAH         LINE#         111
  C:09BCH         LINE#         112
  C:09C4H         LINE#         113
  C:09C4H         LINE#         114
  C:09C4H         LINE#         115
  C:09C7H         LINE#         116
  C:09C9H         LINE#         117
  C:09CFH         LINE#         118
  C:09D5H         LINE#         119
  C:09D5H         LINE#         120
  C:09D6H         LINE#         122
  C:09D6H         LINE#         123
  C:09E1H         LINE#         124
  C:09E1H         LINE#         125
  C:09E7H         LINE#         126
  C:09EDH         LINE#         127
  C:09EDH         LINE#         128
  C:09EDH         LINE#         129
  C:09F0H         LINE#         130
  C:09F2H         LINE#         131
  C:09F7H         LINE#         132
  C:09F7H         LINE#         133
  -------         ENDPROC       UPLOAD
  -------         PROC          GETADC
  -------         DO            
  D:0007H         SYMBOL        ucAdcRes
  -------         ENDDO         
  C:0D9DH         LINE#         136
  C:0D9DH         LINE#         137
  C:0D9DH         LINE#         139
  C:0DA0H         LINE#         140
  C:0DA1H         LINE#         141
  C:0DA2H         LINE#         142
  C:0DA3H         LINE#         143
  C:0DA4H         LINE#         144
  C:0DA9H         LINE#         145
  C:0DACH         LINE#         146
  C:0DAEH         LINE#         147
  C:0DAEH         LINE#         148
  -------         ENDPROC       GETADC
  -------         PROC          NAVKEYCHECK
  -------         DO            
  D:0007H         SYMBOL        key
  -------         ENDDO         
  C:0D0CH         LINE#         151
  C:0D0CH         LINE#         152
  C:0D0CH         LINE#         154
  C:0D0FH         LINE#         155
  C:0D13H         LINE#         156
  C:0D13H         LINE#         157
  C:0D1AH         LINE#         158
  C:0D1DH         LINE#         159
  C:0D21H         LINE#         160
  C:0D21H         LINE#         161
  C:0D24H         LINE#         162
  C:0D2EH         LINE#         163
  C:0D2FH         LINE#         164
BL51 BANKED LINKER/LOCATER V6.22                                                      09/10/2020  22:30:23  PAGE 8


  C:0D2FH         LINE#         165
  C:0D2FH         LINE#         166
  C:0D31H         LINE#         167
  -------         ENDPROC       NAVKEYCHECK
  -------         PROC          NAVKEY_PROCESS
  -------         DO            
  D:0007H         SYMBOL        ucNavKeyCurrent
  D:0005H         SYMBOL        ucNavKeyPast
  -------         ENDDO         
  C:09F8H         LINE#         170
  C:09F8H         LINE#         171
  C:09F8H         LINE#         175
  C:09FBH         LINE#         176
  C:0A00H         LINE#         177
  C:0A00H         LINE#         178
  C:0A02H         LINE#         179
  C:0A07H         LINE#         180
  C:0A0CH         LINE#         182
  C:0A1BH         LINE#         183
  C:0A1BH         LINE#         184
  C:0A1BH         LINE#         185
  C:0A1FH         LINE#         186
  C:0A21H         LINE#         188
  C:0A24H         LINE#         189
  C:0A26H         LINE#         190
  C:0A26H         LINE#         191
  C:0A2BH         LINE#         192
  C:0A30H         LINE#         194
  C:0A36H         LINE#         195
  C:0A38H         LINE#         196
  C:0A38H         LINE#         197
  C:0A3DH         LINE#         198
  C:0A42H         LINE#         200
  C:0A48H         LINE#         201
  C:0A4AH         LINE#         202
  C:0A4AH         LINE#         203
  C:0A51H         LINE#         204
  C:0A51H         LINE#         205
  C:0A51H         LINE#         206
  C:0A51H         LINE#         208
  -------         ENDPROC       NAVKEY_PROCESS
  -------         PROC          QUESTION
  C:0B4EH         LINE#         211
  C:0B4EH         LINE#         212
  C:0B4EH         LINE#         213
  C:0B5CH         LINE#         214
  C:0B6BH         LINE#         215
  C:0B81H         LINE#         216
  C:0B97H         LINE#         217
  -------         ENDPROC       QUESTION
  -------         PROC          CLEAR
  C:0D70H         LINE#         219
  C:0D70H         LINE#         220
  C:0D70H         LINE#         221
  C:0D73H         LINE#         222
  C:0D86H         LINE#         223
  -------         ENDPROC       CLEAR
BL51 BANKED LINKER/LOCATER V6.22                                                      09/10/2020  22:30:23  PAGE 9


  -------         PROC          PRINT
  C:0CB5H         LINE#         225
  C:0CB5H         LINE#         226
  C:0CB5H         LINE#         227
  C:0CB8H         LINE#         228
  C:0CB8H         LINE#         229
  C:0CBBH         LINE#         230
  C:0CC3H         LINE#         231
  C:0CD2H         LINE#         232
  C:0CD9H         LINE#         233
  C:0CE2H         LINE#         234
  -------         ENDPROC       PRINT
  -------         PROC          PRINT_GAME
  C:0D32H         LINE#         236
  C:0D32H         LINE#         237
  C:0D32H         LINE#         238
  C:0D35H         LINE#         239
  C:0D3BH         LINE#         240
  C:0D41H         LINE#         241
  C:0D47H         LINE#         242
  C:0D4DH         LINE#         243
  C:0D53H         LINE#         244
  -------         ENDPROC       PRINT_GAME
  -------         PROC          PRINT_MANU
  C:0C19H         LINE#         246
  C:0C19H         LINE#         247
  C:0C19H         LINE#         248
  C:0C1CH         LINE#         249
  C:0C20H         LINE#         250
  C:0C20H         LINE#         251
  C:0C24H         LINE#         252
  C:0C29H         LINE#         253
  C:0C2DH         LINE#         254
  C:0C2EH         LINE#         256
  C:0C2EH         LINE#         257
  C:0C34H         LINE#         258
  C:0C3AH         LINE#         259
  C:0C40H         LINE#         260
  C:0C46H         LINE#         261
  C:0C4CH         LINE#         262
  C:0C4CH         LINE#         263
  -------         ENDPROC       PRINT_MANU
  -------         PROC          PRINT_LIST
  C:0A58H         LINE#         265
  C:0A58H         LINE#         266
  C:0A58H         LINE#         267
  C:0A5BH         LINE#         268
  C:0A5FH         LINE#         269
  C:0A5FH         LINE#         270
  C:0A64H         LINE#         271
  C:0A69H         LINE#         272
  C:0A6EH         LINE#         273
  C:0A73H         LINE#         274
  C:0A79H         LINE#         275
  C:0A7FH         LINE#         276
  C:0A80H         LINE#         278
  C:0A80H         LINE#         279
BL51 BANKED LINKER/LOCATER V6.22                                                      09/10/2020  22:30:23  PAGE 10


  C:0A86H         LINE#         280
  C:0A8CH         LINE#         281
  C:0A92H         LINE#         282
  C:0A98H         LINE#         283
  C:0AA3H         LINE#         284
  C:0AAEH         LINE#         285
  C:0AAEH         LINE#         286
  -------         ENDPROC       PRINT_LIST
  -------         PROC          PRINT_LOGIN
  C:0D87H         LINE#         288
  C:0D87H         LINE#         289
  C:0D87H         LINE#         290
  C:0D8AH         LINE#         291
  C:0D90H         LINE#         292
  C:0D96H         LINE#         293
  C:0D9CH         LINE#         294
  -------         ENDPROC       PRINT_LOGIN
  -------         PROC          PRINT_BACK
  C:0DC0H         LINE#         296
  C:0DC0H         LINE#         297
  C:0DC0H         LINE#         298
  C:0DC3H         LINE#         299
  C:0DC9H         LINE#         300
  C:0DCFH         LINE#         301
  -------         ENDPROC       PRINT_BACK
  -------         PROC          GAME_BACK
  C:0CE3H         LINE#         303
  C:0CE3H         LINE#         304
  C:0CE3H         LINE#         305
  C:0CE3H         LINE#         306
  C:0CE3H         LINE#         307
  C:0CE5H         LINE#         308
  C:0CE8H         LINE#         309
  C:0CEBH         LINE#         310
  C:0CEEH         LINE#         311
  C:0CEEH         LINE#         312
  C:0CF1H         LINE#         313
  C:0CF4H         LINE#         314
  C:0CF4H         LINE#         315
  C:0CF7H         LINE#         316
  C:0CF7H         LINE#         317
  C:0CFCH         LINE#         318
  C:0CFCH         LINE#         319
  C:0CFCH         LINE#         320
  C:0CFCH         LINE#         321
  C:0CFFH         LINE#         322
  C:0CFFH         LINE#         323
  C:0D02H         LINE#         324
  C:0D05H         LINE#         325
  C:0D05H         LINE#         326
  C:0D08H         LINE#         327
  C:0D08H         LINE#         328
  C:0D0BH         LINE#         329
  C:0D0BH         LINE#         330
  C:0D0BH         LINE#         331
  C:0D0BH         LINE#         332
  C:0D0BH         LINE#         333
BL51 BANKED LINKER/LOCATER V6.22                                                      09/10/2020  22:30:23  PAGE 11


  -------         ENDPROC       GAME_BACK
  -------         PROC          GAME
  -------         DO            
  C:0AB2H         SYMBOL        loop1
  -------         ENDDO         
  C:0AAFH         LINE#         335
  C:0AAFH         LINE#         336
  C:0AAFH         LINE#         337
  C:0AB2H         LINE#         338
  C:0AB2H         LINE#         339
  C:0AB2H         LINE#         340
  C:0AB2H         LINE#         341
  C:0AB4H         LINE#         342
  C:0ABAH         LINE#         343
  C:0ABAH         LINE#         344
  C:0ABDH         LINE#         345
  C:0AC3H         LINE#         346
  C:0AC3H         LINE#         347
  C:0AC6H         LINE#         348
  C:0AC9H         LINE#         349
  C:0ACBH         LINE#         350
  C:0ACEH         LINE#         351
  C:0AD4H         LINE#         352
  C:0ADBH         LINE#         353
  C:0ADEH         LINE#         354
  C:0AE1H         LINE#         355
  C:0AE1H         LINE#         356
  C:0AE4H         LINE#         357
  C:0AE7H         LINE#         358
  C:0AE7H         LINE#         359
  C:0AEAH         LINE#         360
  C:0AEDH         LINE#         361
  C:0AEFH         LINE#         362
  C:0AEFH         LINE#         363
  C:0AEFH         LINE#         364
  C:0AF2H         LINE#         365
  C:0AF2H         LINE#         366
  C:0AF5H         LINE#         367
  C:0AF8H         LINE#         368
  C:0AF8H         LINE#         369
  C:0AFBH         LINE#         370
  C:0AFFH         LINE#         371
  C:0AFFH         LINE#         372
  C:0AFFH         LINE#         375
  -------         ENDPROC       GAME
  -------         PROC          LOGIN
  C:0B98H         LINE#         379
  C:0B98H         LINE#         380
  C:0B98H         LINE#         381
  C:0B9BH         LINE#         382
  C:0B9FH         LINE#         383
  C:0B9FH         LINE#         384
  C:0B9FH         LINE#         385
  C:0BA1H         LINE#         386
  C:0BA4H         LINE#         387
  C:0BA7H         LINE#         388
  C:0BAAH         LINE#         389
BL51 BANKED LINKER/LOCATER V6.22                                                      09/10/2020  22:30:23  PAGE 12


  C:0BAAH         LINE#         390
  C:0BADH         LINE#         391
  C:0BB0H         LINE#         392
  C:0BB0H         LINE#         393
  C:0BB3H         LINE#         394
  C:0BB3H         LINE#         395
  C:0BB6H         LINE#         397
  C:0BB6H         LINE#         398
  C:0BB6H         LINE#         399
  C:0BB6H         LINE#         400
  C:0BB9H         LINE#         401
  C:0BB9H         LINE#         402
  C:0BBCH         LINE#         403
  C:0BBFH         LINE#         404
  C:0BBFH         LINE#         405
  C:0BC2H         LINE#         406
  C:0BCAH         LINE#         407
  C:0BD0H         LINE#         409
  C:0BD8H         LINE#         411
  C:0BD8H         LINE#         412
  C:0BD8H         LINE#         413
  -------         ENDPROC       LOGIN
  -------         PROC          LIST
  C:0C4DH         LINE#         418
  C:0C4DH         LINE#         419
  C:0C4DH         LINE#         420
  C:0C4FH         LINE#         421
  C:0C4FH         LINE#         422
  C:0C4FH         LINE#         423
  C:0C51H         LINE#         424
  C:0C54H         LINE#         425
  C:0C57H         LINE#         426
  C:0C5AH         LINE#         427
  C:0C5AH         LINE#         428
  C:0C5DH         LINE#         429
  C:0C60H         LINE#         430
  C:0C60H         LINE#         431
  C:0C63H         LINE#         432
  C:0C63H         LINE#         433
  C:0C66H         LINE#         434
  C:0C67H         LINE#         435
  C:0C67H         LINE#         436
  C:0C67H         LINE#         437
  C:0C67H         LINE#         438
  C:0C6AH         LINE#         439
  C:0C6AH         LINE#         440
  C:0C6DH         LINE#         441
  C:0C70H         LINE#         442
  C:0C70H         LINE#         443
  C:0C73H         LINE#         444
  C:0C78H         LINE#         445
  C:0C7DH         LINE#         447
  C:0C7FH         LINE#         449
  C:0C7FH         LINE#         450
  C:0C7FH         LINE#         451
  -------         ENDPROC       LIST
  -------         PROC          MAIN
BL51 BANKED LINKER/LOCATER V6.22                                                      09/10/2020  22:30:23  PAGE 13


  C:0C81H         LINE#         455
  C:0C81H         LINE#         456
  C:0C81H         LINE#         457
  C:0C84H         LINE#         458
  C:0C84H         LINE#         459
  C:0C84H         LINE#         460
  C:0C86H         LINE#         461
  C:0C89H         LINE#         462
  C:0C8CH         LINE#         463
  C:0C8FH         LINE#         464
  C:0C8FH         LINE#         465
  C:0C92H         LINE#         466
  C:0C95H         LINE#         467
  C:0C95H         LINE#         468
  C:0C98H         LINE#         469
  C:0C9CH         LINE#         470
  C:0CA1H         LINE#         472
  C:0CA4H         LINE#         473
  C:0CA4H         LINE#         474
  C:0CA4H         LINE#         475
  C:0CA7H         LINE#         476
  C:0CA7H         LINE#         477
  C:0CAAH         LINE#         478
  C:0CADH         LINE#         479
  C:0CADH         LINE#         480
  C:0CB0H         LINE#         481
  C:0CB3H         LINE#         482
  C:0CB3H         LINE#         483
  C:0CB3H         LINE#         484
  -------         ENDPROC       MAIN
  -------         PROC          T0_PROCESS
  C:0DD0H         LINE#         488
  C:0DD0H         LINE#         490
  C:0DD3H         LINE#         491
  C:0DD3H         LINE#         492
  C:0DD5H         LINE#         493
  C:0DD6H         LINE#         495
  C:0DD6H         LINE#         496
  C:0DD8H         LINE#         497
  C:0DD8H         LINE#         498
  -------         ENDPROC       T0_PROCESS
  -------         ENDMOD        TEST

  -------         MODULE        ?C?UIDIV
  C:088CH         PUBLIC        ?C?UIDIV
  -------         ENDMOD        ?C?UIDIV

  -------         MODULE        ?C?SIDIV
  C:08E1H         PUBLIC        ?C?SIDIV
  -------         ENDMOD        ?C?SIDIV

  -------         MODULE        RAND
  D:0008H         PUBLIC        ?SRAND?BYTE
  C:0B01H         PUBLIC        RAND
  C:0B43H         PUBLIC        _SRAND
  -------         ENDMOD        RAND

BL51 BANKED LINKER/LOCATER V6.22                                                      09/10/2020  22:30:23  PAGE 14


******************************************************************************
* RESTRICTED VERSION WITH 0800H BYTE CODE SIZE LIMIT; USED: 0486H BYTE (56%) *
******************************************************************************

Program Size: data=110.1 xdata=0 code=1503
LINK/LOCATE RUN COMPLETE.  0 WARNING(S),  0 ERROR(S)
