BL51 BANKED LINKER/LOCATER V6.22                                                        09/10/2020  16:44:30  PAGE 1


BL51 BANKED LINKER/LOCATER V6.22, INVOKED BY:
G:\KEIL\C51\BIN\BL51.EXE STARTUP.obj, test.obj TO test RAMSIZE (256)


MEMORY MODEL: SMALL


INPUT MODULES INCLUDED:
  STARTUP.obj (?C_STARTUP)
  test.obj (TEST)
  G:\KEIL\C51\LIB\C51S.LIB (?C_INIT)
  G:\KEIL\C51\LIB\C51S.LIB (?C?UIDIV)
  G:\KEIL\C51\LIB\C51S.LIB (?C?SIDIV)
  G:\KEIL\C51\LIB\C51S.LIB (RAND)


LINK MAP OF MODULE:  test (?C_STARTUP)


            TYPE    BASE      LENGTH    RELOCATION   SEGMENT NAME
            -----------------------------------------------------

            * * * * * * *   D A T A   M E M O R Y   * * * * * * *
            REG     0000H     0008H     ABSOLUTE     "REG BANK 0"
            DATA    0008H     0004H     UNIT         ?DT?RAND?RAND
            DATA    000CH     0002H     UNIT         _DATA_GROUP_
                    000EH     0012H                  *** GAP ***
            BIT     0020H.0   0000H.1   UNIT         ?BI?TEST
                    0020H.1   0000H.7                *** GAP ***
            DATA    0021H     0044H     UNIT         ?DT?TEST
            IDATA   0065H     0001H     UNIT         ?STACK

            * * * * * * *   C O D E   M E M O R Y   * * * * * * *
            CODE    0000H     0003H     ABSOLUTE     
                    0003H     0008H                  *** GAP ***
            CODE    000BH     0003H     ABSOLUTE     
                    000EH     07F2H                  *** GAP ***
            CODE    0800H     008CH     UNIT         ?C_C51STARTUP
            CODE    088CH     008BH     UNIT         ?C?LIB_CODE
            CODE    0917H     0057H     UNIT         ?C_INITSEG
            CODE    096EH     0054H     UNIT         ?PR?NAVKEY_PROCESS?TEST
            CODE    09C2H     0053H     UNIT         ?PR?UPLOAD?TEST
            CODE    0A15H     0052H     UNIT         ?PR?MAIN?TEST
            CODE    0A67H     004DH     UNIT         ?PR?RAND?RAND
            CODE    0AB4H     004AH     UNIT         ?PR?QUESTION?TEST
            CODE    0AFEH     003DH     UNIT         ?PR?INIT?TEST
            CODE    0B3BH     0028H     UNIT         ?PR?PRINT?TEST
            CODE    0B63H     0026H     UNIT         ?PR?NAVKEYCHECK?TEST
            CODE    0B89H     001FH     UNIT         ?PR?PRINT_GAME?TEST
            CODE    0BA8H     001EH     UNIT         ?PR?_DELAY_MS?TEST
            CODE    0BC6H     0012H     UNIT         ?PR?GETADC?TEST
            CODE    0BD8H     0011H     UNIT         ?PR?_DELAY?TEST
            CODE    0BE9H     0009H     UNIT         ?PR?T0_PROCESS?TEST



OVERLAY MAP OF MODULE:   test (?C_STARTUP)

BL51 BANKED LINKER/LOCATER V6.22                                                      09/10/2020  16:44:30  PAGE 2



SEGMENT                           DATA_GROUP 
  +--> CALLED SEGMENT           START    LENGTH
-----------------------------------------------
?C_C51STARTUP                   -----    -----
  +--> ?PR?MAIN?TEST
  +--> ?C_INITSEG

?PR?MAIN?TEST                   -----    -----
  +--> ?PR?INIT?TEST
  +--> ?PR?QUESTION?TEST
  +--> ?PR?PRINT_GAME?TEST
  +--> ?PR?PRINT?TEST
  +--> ?PR?_DELAY_MS?TEST
  +--> ?PR?NAVKEY_PROCESS?TEST
  +--> ?PR?UPLOAD?TEST

?PR?QUESTION?TEST               -----    -----
  +--> ?PR?RAND?RAND

?PR?PRINT?TEST                  -----    -----
  +--> ?PR?_DELAY_MS?TEST

?PR?_DELAY_MS?TEST              000CH    0002H

?PR?NAVKEY_PROCESS?TEST         -----    -----
  +--> ?PR?NAVKEYCHECK?TEST
  +--> ?PR?_DELAY?TEST

?PR?NAVKEYCHECK?TEST            -----    -----
  +--> ?PR?GETADC?TEST
  +--> ?PR?_DELAY?TEST

?PR?UPLOAD?TEST                 -----    -----
  +--> ?PR?_DELAY?TEST



SYMBOL TABLE OF MODULE:  test (?C_STARTUP)

  VALUE           TYPE          NAME
  ----------------------------------

  -------         MODULE        ?C_STARTUP
  C:0800H         SEGMENT       ?C_C51STARTUP
  I:0065H         SEGMENT       ?STACK
  C:0000H         PUBLIC        ?C_STARTUP
  D:00E0H         SYMBOL        ACC
  D:00F0H         SYMBOL        B
  D:0083H         SYMBOL        DPH
  D:0082H         SYMBOL        DPL
  N:0000H         SYMBOL        IBPSTACK
  N:0100H         SYMBOL        IBPSTACKTOP
  N:0080H         SYMBOL        IDATALEN
  C:0803H         SYMBOL        IDATALOOP
  N:0000H         SYMBOL        PBPSTACK
  N:0100H         SYMBOL        PBPSTACKTOP
BL51 BANKED LINKER/LOCATER V6.22                                                      09/10/2020  16:44:30  PAGE 3


  N:0000H         SYMBOL        PDATALEN
  N:0000H         SYMBOL        PDATASTART
  N:0000H         SYMBOL        PPAGE
  N:0000H         SYMBOL        PPAGEENABLE
  D:00A0H         SYMBOL        PPAGE_SFR
  D:0081H         SYMBOL        SP
  C:0800H         SYMBOL        STARTUP1
  N:0000H         SYMBOL        XBPSTACK
  N:0000H         SYMBOL        XBPSTACKTOP
  N:0000H         SYMBOL        XDATALEN
  N:0000H         SYMBOL        XDATASTART
  C:0000H         LINE#         126
  C:0800H         LINE#         133
  C:0802H         LINE#         134
  C:0803H         LINE#         135
  C:0804H         LINE#         136
  C:0806H         LINE#         185
  C:0809H         LINE#         196
  -------         ENDMOD        ?C_STARTUP

  -------         MODULE        TEST
  C:0000H         SYMBOL        _ICE_DUMMY_
  D:0093H         PUBLIC        P0M1
  D:0096H         PUBLIC        P2M0
  D:0080H         PUBLIC        P0
  D:00B2H         PUBLIC        P3M0
  D:0095H         PUBLIC        P2M1
  D:0090H         PUBLIC        P1
  D:00B1H         PUBLIC        P3M1
  D:00A0H         PUBLIC        P2
  D:00B0H         PUBLIC        P3
  D:00C0H         PUBLIC        P4
  D:00C8H         PUBLIC        P5
  B:00A8H.7       PUBLIC        EA
  D:00E8H         PUBLIC        P6
  D:00F8H         PUBLIC        P7
  B:00A0H.3       PUBLIC        sbtLedSel
  C:09C2H         PUBLIC        upload
  D:00A8H         PUBLIC        IE
  C:0BDEH         PUBLIC        _delay
  D:0021H         PUBLIC        answer
  D:00BDH         PUBLIC        ADC_RES
  C:096EH         PUBLIC        NavKey_Process
  C:0AFEH         PUBLIC        Init
  D:00B8H         PUBLIC        IP
  D:0023H         PUBLIC        score
  D:0097H         PUBLIC        CLK_DIV
  D:0025H         PUBLIC        arrDigitSelect
  D:002DH         PUBLIC        arrLEDselect
  D:00D8H         PUBLIC        CCON
  C:0A15H         PUBLIC        main
  B:00B0H.2       PUBLIC        sbtKey1
  B:00B0H.3       PUBLIC        sbtKey2
  D:0035H         PUBLIC        highest_sc
  C:0B89H         PUBLIC        print_game
  C:0B3BH         PUBLIC        print
  D:00BCH         PUBLIC        ADC_CONTR
BL51 BANKED LINKER/LOCATER V6.22                                                      09/10/2020  16:44:30  PAGE 4


  C:0B63H         PUBLIC        NavKeyCheck
  D:0098H         PUBLIC        SCON
  D:0089H         PUBLIC        TMOD
  D:0088H         PUBLIC        TCON
  D:0037H         PUBLIC        arrPrintSelect
  D:0047H         PUBLIC        ques_flag
  D:0049H         PUBLIC        ques
  C:0BE9H         PUBLIC        T0_Process
  B:00B0H.4       PUBLIC        sbtBeep
  B:00A8H.1       PUBLIC        ET0
  D:004BH         PUBLIC        arrSegSelect
  D:008CH         PUBLIC        TH0
  B:0088H.0       PUBLIC        IT0
  B:0088H.2       PUBLIC        IT1
  D:008AH         PUBLIC        TL0
  B:0020H.0       PUBLIC        btBeepFlag
  C:0BAEH         PUBLIC        _delay_ms
  B:0088H.4       PUBLIC        TR0
  D:009DH         PUBLIC        P1ASF
  D:005CH         PUBLIC        i
  D:005DH         PUBLIC        tmpLed
  C:0BC6H         PUBLIC        GetADC
  D:005EH         PUBLIC        ques0
  D:0060H         PUBLIC        ques1
  D:0062H         PUBLIC        ques2
  D:0064H         PUBLIC        uiLed
  D:00D0H         PUBLIC        PSW
  C:0AB4H         PUBLIC        question
  D:0094H         PUBLIC        P0M0
  -------         PROC          INIT
  C:0AFEH         LINE#         43
  C:0AFEH         LINE#         44
  C:0AFEH         LINE#         45
  C:0B01H         LINE#         46
  C:0B04H         LINE#         47
  C:0B06H         LINE#         48
  C:0B09H         LINE#         49
  C:0B0BH         LINE#         50
  C:0B0EH         LINE#         52
  C:0B10H         LINE#         53
  C:0B13H         LINE#         54
  C:0B15H         LINE#         55
  C:0B18H         LINE#         56
  C:0B1AH         LINE#         57
  C:0B1CH         LINE#         58
  C:0B1EH         LINE#         59
  C:0B20H         LINE#         60
  C:0B22H         LINE#         61
  C:0B25H         LINE#         62
  C:0B28H         LINE#         63
  C:0B2AH         LINE#         64
  C:0B2CH         LINE#         65
  C:0B2EH         LINE#         66
  C:0B30H         LINE#         67
  C:0B32H         LINE#         68
  C:0B36H         LINE#         69
  C:0B38H         LINE#         70
BL51 BANKED LINKER/LOCATER V6.22                                                      09/10/2020  16:44:30  PAGE 5


  C:0B3AH         LINE#         71
  -------         ENDPROC       INIT
  C:0BD8H         SYMBOL        L?0067
  -------         PROC          L?0066
  -------         ENDPROC       L?0066
  C:0BD8H         SYMBOL        L?0067
  -------         PROC          _DELAY
  D:0006H         SYMBOL        n
  C:0BDEH         LINE#         73
  C:0BDEH         LINE#         74
  C:0BDEH         LINE#         75
  C:0BE8H         LINE#         77
  -------         ENDPROC       _DELAY
  -------         PROC          L?0068
  -------         ENDPROC       L?0068
  -------         PROC          _DELAY_MS
  D:0006H         SYMBOL        n
  -------         DO            
  D:000CH         SYMBOL        i
  D:000DH         SYMBOL        j
  -------         ENDDO         
  C:0BAEH         LINE#         78
  C:0BAEH         LINE#         79
  C:0BAEH         LINE#         80
  C:0BB2H         LINE#         81
  C:0BB2H         LINE#         83
  C:0BB5H         LINE#         84
  C:0BB8H         LINE#         86
  C:0BB8H         LINE#         87
  C:0BBBH         LINE#         88
  C:0BBBH         LINE#         89
  C:0BBEH         LINE#         90
  C:0BC3H         LINE#         91
  C:0BC5H         LINE#         92
  -------         ENDPROC       _DELAY_MS
  -------         PROC          UPLOAD
  C:09C2H         LINE#         93
  C:09C2H         LINE#         94
  C:09C2H         LINE#         95
  C:09C5H         LINE#         96
  C:09C8H         LINE#         97
  C:09CCH         LINE#         98
  C:09D2H         LINE#         99
  C:09DEH         LINE#         100
  C:09DEH         LINE#         101
  C:09E6H         LINE#         102
  C:09E6H         LINE#         103
  C:09E9H         LINE#         104
  C:09EBH         LINE#         105
  C:09F3H         LINE#         106
  C:09F3H         LINE#         107
  C:09F3H         LINE#         108
  C:09F6H         LINE#         109
  C:09F8H         LINE#         110
  C:09F8H         LINE#         111
  C:09F9H         LINE#         113
  C:09F9H         LINE#         114
BL51 BANKED LINKER/LOCATER V6.22                                                      09/10/2020  16:44:30  PAGE 6


  C:0A04H         LINE#         115
  C:0A0AH         LINE#         116
  C:0A0AH         LINE#         117
  C:0A0DH         LINE#         118
  C:0A0FH         LINE#         119
  C:0A14H         LINE#         120
  C:0A14H         LINE#         121
  -------         ENDPROC       UPLOAD
  -------         PROC          GETADC
  -------         DO            
  D:0007H         SYMBOL        ucAdcRes
  -------         ENDDO         
  C:0BC6H         LINE#         124
  C:0BC6H         LINE#         125
  C:0BC6H         LINE#         127
  C:0BC9H         LINE#         128
  C:0BCAH         LINE#         129
  C:0BCBH         LINE#         130
  C:0BCCH         LINE#         131
  C:0BCDH         LINE#         132
  C:0BD2H         LINE#         133
  C:0BD5H         LINE#         134
  C:0BD7H         LINE#         135
  C:0BD7H         LINE#         136
  -------         ENDPROC       GETADC
  -------         PROC          NAVKEYCHECK
  -------         DO            
  D:0007H         SYMBOL        key
  -------         ENDDO         
  C:0B63H         LINE#         139
  C:0B63H         LINE#         140
  C:0B63H         LINE#         142
  C:0B66H         LINE#         143
  C:0B6AH         LINE#         144
  C:0B6AH         LINE#         145
  C:0B71H         LINE#         146
  C:0B74H         LINE#         147
  C:0B78H         LINE#         148
  C:0B78H         LINE#         149
  C:0B7BH         LINE#         150
  C:0B85H         LINE#         151
  C:0B86H         LINE#         152
  C:0B86H         LINE#         153
  C:0B86H         LINE#         154
  C:0B88H         LINE#         155
  -------         ENDPROC       NAVKEYCHECK
  -------         PROC          NAVKEY_PROCESS
  -------         DO            
  D:0007H         SYMBOL        ucNavKeyCurrent
  D:0005H         SYMBOL        ucNavKeyPast
  -------         ENDDO         
  C:096EH         LINE#         158
  C:096EH         LINE#         159
  C:096EH         LINE#         163
  C:0971H         LINE#         164
  C:0976H         LINE#         165
  C:0976H         LINE#         166
BL51 BANKED LINKER/LOCATER V6.22                                                      09/10/2020  16:44:30  PAGE 7


  C:0978H         LINE#         167
  C:097DH         LINE#         168
  C:0982H         LINE#         170
  C:098EH         LINE#         171
  C:098EH         LINE#         172
  C:098EH         LINE#         173
  C:0992H         LINE#         174
  C:0994H         LINE#         176
  C:0997H         LINE#         177
  C:0999H         LINE#         178
  C:0999H         LINE#         179
  C:099EH         LINE#         180
  C:09A3H         LINE#         182
  C:09A9H         LINE#         183
  C:09ABH         LINE#         184
  C:09ABH         LINE#         185
  C:09B0H         LINE#         186
  C:09B5H         LINE#         188
  C:09BBH         LINE#         189
  C:09BBH         LINE#         190
  C:09BBH         LINE#         191
  C:09BBH         LINE#         193
  -------         ENDPROC       NAVKEY_PROCESS
  -------         PROC          QUESTION
  C:0AB4H         LINE#         196
  C:0AB4H         LINE#         197
  C:0AB4H         LINE#         198
  C:0AC2H         LINE#         199
  C:0AD1H         LINE#         200
  C:0AE7H         LINE#         201
  C:0AFDH         LINE#         202
  -------         ENDPROC       QUESTION
  -------         PROC          PRINT
  C:0B3BH         LINE#         204
  C:0B3BH         LINE#         205
  C:0B3BH         LINE#         206
  C:0B3EH         LINE#         207
  C:0B3EH         LINE#         208
  C:0B41H         LINE#         209
  C:0B49H         LINE#         210
  C:0B56H         LINE#         211
  C:0B59H         LINE#         212
  C:0B62H         LINE#         213
  -------         ENDPROC       PRINT
  -------         PROC          PRINT_GAME
  C:0B89H         LINE#         215
  C:0B89H         LINE#         216
  C:0B89H         LINE#         217
  C:0B8FH         LINE#         218
  C:0B95H         LINE#         219
  C:0B9BH         LINE#         220
  C:0BA1H         LINE#         221
  C:0BA7H         LINE#         222
  -------         ENDPROC       PRINT_GAME
  -------         PROC          MAIN
  C:0A15H         LINE#         225
  C:0A15H         LINE#         226
BL51 BANKED LINKER/LOCATER V6.22                                                      09/10/2020  16:44:30  PAGE 8


  C:0A15H         LINE#         227
  C:0A18H         LINE#         228
  C:0A18H         LINE#         229
  C:0A18H         LINE#         230
  C:0A1AH         LINE#         231
  C:0A20H         LINE#         232
  C:0A20H         LINE#         233
  C:0A23H         LINE#         234
  C:0A29H         LINE#         235
  C:0A29H         LINE#         236
  C:0A2CH         LINE#         237
  C:0A2FH         LINE#         238
  C:0A31H         LINE#         239
  C:0A34H         LINE#         240
  C:0A38H         LINE#         241
  C:0A3BH         LINE#         242
  C:0A3EH         LINE#         243
  C:0A41H         LINE#         244
  C:0A41H         LINE#         245
  C:0A48H         LINE#         246
  C:0A4BH         LINE#         247
  C:0A4BH         LINE#         248
  C:0A4EH         LINE#         249
  C:0A52H         LINE#         250
  C:0A52H         LINE#         251
  C:0A52H         LINE#         252
  C:0A55H         LINE#         253
  C:0A55H         LINE#         254
  C:0A5CH         LINE#         255
  C:0A5FH         LINE#         256
  C:0A5FH         LINE#         257
  C:0A62H         LINE#         258
  C:0A65H         LINE#         259
  C:0A65H         LINE#         260
  C:0A65H         LINE#         261
  -------         ENDPROC       MAIN
  -------         PROC          T0_PROCESS
  C:0BE9H         LINE#         265
  C:0BE9H         LINE#         267
  C:0BECH         LINE#         268
  C:0BECH         LINE#         269
  C:0BEEH         LINE#         270
  C:0BEFH         LINE#         272
  C:0BEFH         LINE#         273
  C:0BF1H         LINE#         274
  C:0BF1H         LINE#         275
  -------         ENDPROC       T0_PROCESS
  -------         ENDMOD        TEST

  -------         MODULE        ?C?UIDIV
  C:088CH         PUBLIC        ?C?UIDIV
  -------         ENDMOD        ?C?UIDIV

  -------         MODULE        ?C?SIDIV
  C:08E1H         PUBLIC        ?C?SIDIV
  -------         ENDMOD        ?C?SIDIV

BL51 BANKED LINKER/LOCATER V6.22                                                      09/10/2020  16:44:30  PAGE 9


  -------         MODULE        RAND
  D:0008H         PUBLIC        ?SRAND?BYTE
  C:0A67H         PUBLIC        RAND
  C:0AA9H         PUBLIC        _SRAND
  -------         ENDMOD        RAND

******************************************************************************
* RESTRICTED VERSION WITH 0800H BYTE CODE SIZE LIMIT; USED: 029FH BYTE (32%) *
******************************************************************************

Program Size: data=83.1 xdata=0 code=1016
LINK/LOCATE RUN COMPLETE.  0 WARNING(S),  0 ERROR(S)
