BL51 BANKED LINKER/LOCATER V6.22                                                        09/11/2020  17:09:50  PAGE 1


BL51 BANKED LINKER/LOCATER V6.22, INVOKED BY:
G:\KEIL\C51\BIN\BL51.EXE STARTUP.obj, test.obj TO test RAMSIZE (256)


MEMORY MODEL: SMALL


INPUT MODULES INCLUDED:
  STARTUP.obj (?C_STARTUP)
  test.obj (TEST)
  G:\KEIL\C51\LIB\C51S.LIB (?C_INIT)
  G:\KEIL\C51\LIB\C51S.LIB (?C?UIDIV)
  G:\KEIL\C51\LIB\C51S.LIB (?C?SIDIV)
  G:\KEIL\C51\LIB\C51S.LIB (RAND)


LINK MAP OF MODULE:  test (?C_STARTUP)


            TYPE    BASE      LENGTH    RELOCATION   SEGMENT NAME
            -----------------------------------------------------

            * * * * * * *   D A T A   M E M O R Y   * * * * * * *
            REG     0000H     0008H     ABSOLUTE     "REG BANK 0"
            DATA    0008H     0004H     UNIT         ?DT?RAND?RAND
            DATA    000CH     0002H     UNIT         _DATA_GROUP_
                    000EH     0012H                  *** GAP ***
            BIT     0020H.0   0000H.1   UNIT         ?BI?TEST
                    0020H.1   0000H.7                *** GAP ***
            DATA    0021H     005FH     UNIT         ?DT?TEST
            IDATA   0080H     0001H     UNIT         ?STACK

            * * * * * * *   C O D E   M E M O R Y   * * * * * * *
            CODE    0000H     0003H     ABSOLUTE     
                    0003H     0008H                  *** GAP ***
            CODE    000BH     0003H     ABSOLUTE     
                    000EH     07F2H                  *** GAP ***
            CODE    0800H     008CH     UNIT         ?C_C51STARTUP
            CODE    088CH     008BH     UNIT         ?C?LIB_CODE
            CODE    0917H     007CH     UNIT         ?C_INITSEG
            CODE    0993H     0060H     UNIT         ?PR?NAVKEY_PROCESS?TEST
            CODE    09F3H     0057H     UNIT         ?PR?PRINT_LIST?TEST
            CODE    0A4AH     0053H     UNIT         ?PR?UPLOAD?TEST
            CODE    0A9DH     0052H     UNIT         ?PR?GAME?TEST
            CODE    0AEFH     004DH     UNIT         ?PR?RAND?RAND
            CODE    0B3CH     004AH     UNIT         ?PR?QUESTION?TEST
            CODE    0B86H     0042H     UNIT         ?PR?LOGIN?TEST
            CODE    0BC8H     003FH     UNIT         ?PR?INIT?TEST
            CODE    0C07H     0034H     UNIT         ?PR?PRINT_MANU?TEST
            CODE    0C3BH     0034H     UNIT         ?PR?LIST?TEST
            CODE    0C6FH     0034H     UNIT         ?PR?MAIN?TEST
            CODE    0CA3H     002EH     UNIT         ?PR?PRINT?TEST
            CODE    0CD1H     0029H     UNIT         ?PR?GAME_BACK?TEST
            CODE    0CFAH     0026H     UNIT         ?PR?NAVKEYCHECK?TEST
            CODE    0D20H     0022H     UNIT         ?PR?PRINT_GAME?TEST
            CODE    0D42H     001CH     UNIT         ?PR?_DELAY_MS?TEST
            CODE    0D5EH     0017H     UNIT         ?PR?CLEAR?TEST
            CODE    0D75H     0016H     UNIT         ?PR?PRINT_LOGIN?TEST
BL51 BANKED LINKER/LOCATER V6.22                                                      09/11/2020  17:09:50  PAGE 2


            CODE    0D8BH     0012H     UNIT         ?PR?GETADC?TEST
            CODE    0D9DH     0010H     UNIT         ?PR?PRINT_BACK?TEST
            CODE    0DADH     000BH     UNIT         ?PR?_DELAY?TEST
            CODE    0DB8H     0009H     UNIT         ?PR?T0_PROCESS?TEST



OVERLAY MAP OF MODULE:   test (?C_STARTUP)


SEGMENT                           DATA_GROUP 
  +--> CALLED SEGMENT           START    LENGTH
-----------------------------------------------
?C_C51STARTUP                   -----    -----
  +--> ?PR?MAIN?TEST
  +--> ?C_INITSEG

?PR?MAIN?TEST                   -----    -----
  +--> ?PR?INIT?TEST
  +--> ?PR?PRINT_MANU?TEST
  +--> ?PR?PRINT?TEST
  +--> ?PR?_DELAY_MS?TEST
  +--> ?PR?LOGIN?TEST
  +--> ?PR?LIST?TEST

?PR?PRINT_MANU?TEST             -----    -----
  +--> ?PR?CLEAR?TEST

?PR?PRINT?TEST                  -----    -----
  +--> ?PR?_DELAY_MS?TEST

?PR?_DELAY_MS?TEST              000CH    0002H

?PR?LOGIN?TEST                  -----    -----
  +--> ?PR?PRINT_LOGIN?TEST
  +--> ?PR?PRINT?TEST
  +--> ?PR?_DELAY_MS?TEST
  +--> ?PR?GAME?TEST

?PR?PRINT_LOGIN?TEST            -----    -----
  +--> ?PR?CLEAR?TEST

?PR?GAME?TEST                   -----    -----
  +--> ?PR?CLEAR?TEST
  +--> ?PR?QUESTION?TEST
  +--> ?PR?PRINT_GAME?TEST
  +--> ?PR?PRINT?TEST
  +--> ?PR?_DELAY_MS?TEST
  +--> ?PR?NAVKEY_PROCESS?TEST
  +--> ?PR?UPLOAD?TEST

?PR?QUESTION?TEST               -----    -----
  +--> ?PR?RAND?RAND

?PR?PRINT_GAME?TEST             -----    -----
  +--> ?PR?CLEAR?TEST

BL51 BANKED LINKER/LOCATER V6.22                                                      09/11/2020  17:09:50  PAGE 3


?PR?NAVKEY_PROCESS?TEST         -----    -----
  +--> ?PR?NAVKEYCHECK?TEST
  +--> ?PR?GAME_BACK?TEST
  +--> ?PR?_DELAY?TEST

?PR?NAVKEYCHECK?TEST            -----    -----
  +--> ?PR?GETADC?TEST
  +--> ?PR?_DELAY?TEST

?PR?GAME_BACK?TEST              -----    -----
  +--> ?PR?PRINT_BACK?TEST
  +--> ?PR?PRINT?TEST
  +--> ?PR?_DELAY_MS?TEST

?PR?PRINT_BACK?TEST             -----    -----
  +--> ?PR?CLEAR?TEST

?PR?LIST?TEST                   -----    -----
  +--> ?PR?PRINT_LIST?TEST
  +--> ?PR?PRINT?TEST
  +--> ?PR?_DELAY_MS?TEST

?PR?PRINT_LIST?TEST             -----    -----
  +--> ?PR?CLEAR?TEST



SYMBOL TABLE OF MODULE:  test (?C_STARTUP)

  VALUE           TYPE          NAME
  ----------------------------------

  -------         MODULE        ?C_STARTUP
  C:0800H         SEGMENT       ?C_C51STARTUP
  I:0080H         SEGMENT       ?STACK
  C:0000H         PUBLIC        ?C_STARTUP
  D:00E0H         SYMBOL        ACC
  D:00F0H         SYMBOL        B
  D:0083H         SYMBOL        DPH
  D:0082H         SYMBOL        DPL
  N:0000H         SYMBOL        IBPSTACK
  N:0100H         SYMBOL        IBPSTACKTOP
  N:0080H         SYMBOL        IDATALEN
  C:0803H         SYMBOL        IDATALOOP
  N:0000H         SYMBOL        PBPSTACK
  N:0100H         SYMBOL        PBPSTACKTOP
  N:0000H         SYMBOL        PDATALEN
  N:0000H         SYMBOL        PDATASTART
  N:0000H         SYMBOL        PPAGE
  N:0000H         SYMBOL        PPAGEENABLE
  D:00A0H         SYMBOL        PPAGE_SFR
  D:0081H         SYMBOL        SP
  C:0800H         SYMBOL        STARTUP1
  N:0000H         SYMBOL        XBPSTACK
  N:0000H         SYMBOL        XBPSTACKTOP
  N:0000H         SYMBOL        XDATALEN
  N:0000H         SYMBOL        XDATASTART
BL51 BANKED LINKER/LOCATER V6.22                                                      09/11/2020  17:09:50  PAGE 4


  C:0000H         LINE#         126
  C:0800H         LINE#         133
  C:0802H         LINE#         134
  C:0803H         LINE#         135
  C:0804H         LINE#         136
  C:0806H         LINE#         185
  C:0809H         LINE#         196
  -------         ENDMOD        ?C_STARTUP

  -------         MODULE        TEST
  C:0000H         SYMBOL        _ICE_DUMMY_
  D:0093H         PUBLIC        P0M1
  D:0096H         PUBLIC        P2M0
  D:0080H         PUBLIC        P0
  D:00B2H         PUBLIC        P3M0
  D:0095H         PUBLIC        P2M1
  D:0090H         PUBLIC        P1
  D:00B1H         PUBLIC        P3M1
  D:00A0H         PUBLIC        P2
  D:00B0H         PUBLIC        P3
  D:00C0H         PUBLIC        P4
  D:00C8H         PUBLIC        P5
  B:00A8H.7       PUBLIC        EA
  D:00E8H         PUBLIC        P6
  D:00F8H         PUBLIC        P7
  B:00A0H.3       PUBLIC        sbtLedSel
  C:0A4AH         PUBLIC        upload
  C:0D5EH         PUBLIC        clear
  D:00A8H         PUBLIC        IE
  C:0CD1H         PUBLIC        game_back
  D:0021H         PUBLIC        player
  C:0DADH         PUBLIC        _delay
  D:0023H         PUBLIC        back
  D:0025H         PUBLIC        answer
  D:00BDH         PUBLIC        ADC_RES
  C:0993H         PUBLIC        NavKey_Process
  C:0BC8H         PUBLIC        Init
  D:00B8H         PUBLIC        IP
  C:0B86H         PUBLIC        login
  C:0A9DH         PUBLIC        game
  D:0027H         PUBLIC        option
  D:0028H         PUBLIC        score
  D:0097H         PUBLIC        CLK_DIV
  D:002AH         PUBLIC        arrDigitSelect
  D:0032H         PUBLIC        arrLEDselect
  C:0D9DH         PUBLIC        print_back
  D:00D8H         PUBLIC        CCON
  C:0C6FH         PUBLIC        main
  B:00B0H.2       PUBLIC        sbtKey1
  B:00B0H.3       PUBLIC        sbtKey2
  D:003AH         PUBLIC        highest_sc
  D:003CH         PUBLIC        highest_er
  C:0D75H         PUBLIC        print_login
  C:0D20H         PUBLIC        print_game
  C:0CA3H         PUBLIC        print
  D:00BCH         PUBLIC        ADC_CONTR
  C:0CFAH         PUBLIC        NavKeyCheck
BL51 BANKED LINKER/LOCATER V6.22                                                      09/11/2020  17:09:50  PAGE 5


  D:0098H         PUBLIC        SCON
  D:0089H         PUBLIC        TMOD
  D:0088H         PUBLIC        TCON
  D:003EH         PUBLIC        arrPrintSelect
  D:004EH         PUBLIC        ques_flag
  C:0C3BH         PUBLIC        list
  D:0050H         PUBLIC        ques
  C:0C07H         PUBLIC        print_manu
  C:0DB8H         PUBLIC        T0_Process
  B:00B0H.4       PUBLIC        sbtBeep
  B:00A8H.1       PUBLIC        ET0
  D:0052H         PUBLIC        arrListSelect
  D:0062H         PUBLIC        arrSegSelect
  D:008CH         PUBLIC        TH0
  B:0088H.0       PUBLIC        IT0
  B:0088H.2       PUBLIC        IT1
  C:09F3H         PUBLIC        print_list
  D:008AH         PUBLIC        TL0
  B:0020H.0       PUBLIC        btBeepFlag
  C:0D46H         PUBLIC        _delay_ms
  B:0088H.4       PUBLIC        TR0
  D:009DH         PUBLIC        P1ASF
  D:0077H         PUBLIC        i
  D:0078H         PUBLIC        tmpLed
  C:0D8BH         PUBLIC        GetADC
  B:00A0H.4       PUBLIC        sbtVib
  D:0079H         PUBLIC        ques0
  D:007BH         PUBLIC        ques1
  D:007DH         PUBLIC        ques2
  D:007FH         PUBLIC        uiLed
  D:00D0H         PUBLIC        PSW
  C:0B3CH         PUBLIC        question
  D:0094H         PUBLIC        P0M0
  -------         PROC          INIT
  C:0BC8H         LINE#         48
  C:0BC8H         LINE#         49
  C:0BC8H         LINE#         50
  C:0BCBH         LINE#         51
  C:0BCEH         LINE#         52
  C:0BD0H         LINE#         53
  C:0BD3H         LINE#         54
  C:0BD5H         LINE#         55
  C:0BD8H         LINE#         57
  C:0BDAH         LINE#         58
  C:0BDDH         LINE#         59
  C:0BDFH         LINE#         60
  C:0BE2H         LINE#         61
  C:0BE4H         LINE#         62
  C:0BE6H         LINE#         63
  C:0BE8H         LINE#         64
  C:0BEAH         LINE#         65
  C:0BECH         LINE#         66
  C:0BEFH         LINE#         67
  C:0BF2H         LINE#         68
  C:0BF4H         LINE#         69
  C:0BF6H         LINE#         70
  C:0BF8H         LINE#         71
BL51 BANKED LINKER/LOCATER V6.22                                                      09/11/2020  17:09:50  PAGE 6


  C:0BFAH         LINE#         72
  C:0BFCH         LINE#         73
  C:0C00H         LINE#         74
  C:0C02H         LINE#         75
  C:0C04H         LINE#         76
  C:0C06H         LINE#         77
  -------         ENDPROC       INIT
  -------         PROC          _DELAY
  D:0006H         SYMBOL        n
  C:0DADH         LINE#         79
  C:0DADH         LINE#         80
  C:0DADH         LINE#         81
  C:0DB7H         LINE#         83
  -------         ENDPROC       _DELAY
  C:0D42H         SYMBOL        L?0134
  -------         PROC          L?0133
  -------         ENDPROC       L?0133
  C:0D42H         SYMBOL        L?0134
  -------         PROC          _DELAY_MS
  D:0006H         SYMBOL        n
  -------         DO            
  D:000CH         SYMBOL        i
  D:000DH         SYMBOL        j
  -------         ENDDO         
  C:0D46H         LINE#         84
  C:0D46H         LINE#         85
  C:0D46H         LINE#         86
  C:0D4AH         LINE#         87
  C:0D4AH         LINE#         89
  C:0D4DH         LINE#         90
  C:0D50H         LINE#         92
  C:0D50H         LINE#         93
  C:0D53H         LINE#         94
  C:0D53H         LINE#         95
  C:0D56H         LINE#         96
  C:0D5BH         LINE#         97
  C:0D5DH         LINE#         98
  -------         ENDPROC       _DELAY_MS
  -------         PROC          UPLOAD
  C:0A4AH         LINE#         100
  C:0A4AH         LINE#         101
  C:0A4AH         LINE#         102
  C:0A4DH         LINE#         103
  C:0A50H         LINE#         104
  C:0A54H         LINE#         105
  C:0A5AH         LINE#         106
  C:0A64H         LINE#         107
  C:0A64H         LINE#         108
  C:0A6CH         LINE#         109
  C:0A72H         LINE#         110
  C:0A72H         LINE#         111
  C:0A78H         LINE#         112
  C:0A7EH         LINE#         113
  C:0A7EH         LINE#         114
  C:0A7EH         LINE#         115
  C:0A80H         LINE#         117
  C:0A80H         LINE#         118
BL51 BANKED LINKER/LOCATER V6.22                                                      09/11/2020  17:09:50  PAGE 7


  C:0A8BH         LINE#         119
  C:0A8BH         LINE#         120
  C:0A91H         LINE#         121
  C:0A97H         LINE#         122
  C:0A97H         LINE#         126
  C:0A9CH         LINE#         127
  C:0A9CH         LINE#         128
  -------         ENDPROC       UPLOAD
  -------         PROC          GETADC
  -------         DO            
  D:0007H         SYMBOL        ucAdcRes
  -------         ENDDO         
  C:0D8BH         LINE#         131
  C:0D8BH         LINE#         132
  C:0D8BH         LINE#         134
  C:0D8EH         LINE#         135
  C:0D8FH         LINE#         136
  C:0D90H         LINE#         137
  C:0D91H         LINE#         138
  C:0D92H         LINE#         139
  C:0D97H         LINE#         140
  C:0D9AH         LINE#         141
  C:0D9CH         LINE#         142
  C:0D9CH         LINE#         143
  -------         ENDPROC       GETADC
  -------         PROC          NAVKEYCHECK
  -------         DO            
  D:0007H         SYMBOL        key
  -------         ENDDO         
  C:0CFAH         LINE#         146
  C:0CFAH         LINE#         147
  C:0CFAH         LINE#         149
  C:0CFDH         LINE#         150
  C:0D01H         LINE#         151
  C:0D01H         LINE#         152
  C:0D08H         LINE#         153
  C:0D0BH         LINE#         154
  C:0D0FH         LINE#         155
  C:0D0FH         LINE#         156
  C:0D12H         LINE#         157
  C:0D1CH         LINE#         158
  C:0D1DH         LINE#         159
  C:0D1DH         LINE#         160
  C:0D1DH         LINE#         161
  C:0D1FH         LINE#         162
  -------         ENDPROC       NAVKEYCHECK
  -------         PROC          NAVKEY_PROCESS
  -------         DO            
  D:0007H         SYMBOL        ucNavKeyCurrent
  D:0005H         SYMBOL        ucNavKeyPast
  -------         ENDDO         
  C:0993H         LINE#         165
  C:0993H         LINE#         166
  C:0993H         LINE#         170
  C:0996H         LINE#         171
  C:099BH         LINE#         172
  C:099BH         LINE#         173
BL51 BANKED LINKER/LOCATER V6.22                                                      09/11/2020  17:09:50  PAGE 8


  C:099DH         LINE#         174
  C:09A2H         LINE#         175
  C:09A7H         LINE#         177
  C:09B6H         LINE#         178
  C:09B6H         LINE#         179
  C:09B6H         LINE#         180
  C:09BAH         LINE#         181
  C:09BCH         LINE#         183
  C:09BFH         LINE#         184
  C:09C1H         LINE#         185
  C:09C1H         LINE#         186
  C:09C6H         LINE#         187
  C:09CBH         LINE#         189
  C:09D1H         LINE#         190
  C:09D3H         LINE#         191
  C:09D3H         LINE#         192
  C:09D8H         LINE#         193
  C:09DDH         LINE#         195
  C:09E3H         LINE#         196
  C:09E5H         LINE#         197
  C:09E5H         LINE#         198
  C:09ECH         LINE#         199
  C:09ECH         LINE#         200
  C:09ECH         LINE#         201
  C:09ECH         LINE#         203
  -------         ENDPROC       NAVKEY_PROCESS
  -------         PROC          QUESTION
  C:0B3CH         LINE#         206
  C:0B3CH         LINE#         207
  C:0B3CH         LINE#         208
  C:0B4AH         LINE#         209
  C:0B59H         LINE#         210
  C:0B6FH         LINE#         211
  C:0B85H         LINE#         212
  -------         ENDPROC       QUESTION
  -------         PROC          CLEAR
  C:0D5EH         LINE#         214
  C:0D5EH         LINE#         215
  C:0D5EH         LINE#         216
  C:0D61H         LINE#         217
  C:0D74H         LINE#         218
  -------         ENDPROC       CLEAR
  -------         PROC          PRINT
  C:0CA3H         LINE#         220
  C:0CA3H         LINE#         221
  C:0CA3H         LINE#         222
  C:0CA6H         LINE#         223
  C:0CA6H         LINE#         224
  C:0CA9H         LINE#         225
  C:0CB1H         LINE#         226
  C:0CC0H         LINE#         227
  C:0CC7H         LINE#         228
  C:0CD0H         LINE#         229
  -------         ENDPROC       PRINT
  -------         PROC          PRINT_GAME
  C:0D20H         LINE#         231
  C:0D20H         LINE#         232
BL51 BANKED LINKER/LOCATER V6.22                                                      09/11/2020  17:09:50  PAGE 9


  C:0D20H         LINE#         233
  C:0D23H         LINE#         234
  C:0D29H         LINE#         235
  C:0D2FH         LINE#         236
  C:0D35H         LINE#         237
  C:0D3BH         LINE#         238
  C:0D41H         LINE#         239
  -------         ENDPROC       PRINT_GAME
  -------         PROC          PRINT_MANU
  C:0C07H         LINE#         241
  C:0C07H         LINE#         242
  C:0C07H         LINE#         243
  C:0C0AH         LINE#         244
  C:0C0EH         LINE#         245
  C:0C0EH         LINE#         246
  C:0C12H         LINE#         247
  C:0C17H         LINE#         248
  C:0C1BH         LINE#         249
  C:0C1CH         LINE#         251
  C:0C1CH         LINE#         252
  C:0C22H         LINE#         253
  C:0C28H         LINE#         254
  C:0C2EH         LINE#         255
  C:0C34H         LINE#         256
  C:0C3AH         LINE#         257
  C:0C3AH         LINE#         258
  -------         ENDPROC       PRINT_MANU
  -------         PROC          PRINT_LIST
  C:09F3H         LINE#         260
  C:09F3H         LINE#         261
  C:09F3H         LINE#         262
  C:09F6H         LINE#         263
  C:09FAH         LINE#         264
  C:09FAH         LINE#         265
  C:09FFH         LINE#         266
  C:0A04H         LINE#         267
  C:0A09H         LINE#         268
  C:0A0EH         LINE#         269
  C:0A14H         LINE#         270
  C:0A1AH         LINE#         271
  C:0A1BH         LINE#         273
  C:0A1BH         LINE#         274
  C:0A21H         LINE#         275
  C:0A27H         LINE#         276
  C:0A2DH         LINE#         277
  C:0A33H         LINE#         278
  C:0A3EH         LINE#         279
  C:0A49H         LINE#         280
  C:0A49H         LINE#         281
  -------         ENDPROC       PRINT_LIST
  -------         PROC          PRINT_LOGIN
  C:0D75H         LINE#         283
  C:0D75H         LINE#         284
  C:0D75H         LINE#         285
  C:0D78H         LINE#         286
  C:0D7EH         LINE#         287
  C:0D84H         LINE#         288
BL51 BANKED LINKER/LOCATER V6.22                                                      09/11/2020  17:09:50  PAGE 10


  C:0D8AH         LINE#         289
  -------         ENDPROC       PRINT_LOGIN
  -------         PROC          PRINT_BACK
  C:0D9DH         LINE#         291
  C:0D9DH         LINE#         292
  C:0D9DH         LINE#         293
  C:0DA0H         LINE#         294
  C:0DA6H         LINE#         295
  C:0DACH         LINE#         296
  -------         ENDPROC       PRINT_BACK
  -------         PROC          GAME_BACK
  C:0CD1H         LINE#         298
  C:0CD1H         LINE#         299
  C:0CD1H         LINE#         300
  C:0CD1H         LINE#         301
  C:0CD1H         LINE#         302
  C:0CD3H         LINE#         303
  C:0CD6H         LINE#         304
  C:0CD9H         LINE#         305
  C:0CDCH         LINE#         306
  C:0CDCH         LINE#         307
  C:0CDFH         LINE#         308
  C:0CE2H         LINE#         309
  C:0CE2H         LINE#         310
  C:0CE5H         LINE#         311
  C:0CE5H         LINE#         312
  C:0CEAH         LINE#         313
  C:0CEAH         LINE#         314
  C:0CEAH         LINE#         315
  C:0CEAH         LINE#         316
  C:0CEDH         LINE#         317
  C:0CEDH         LINE#         318
  C:0CF0H         LINE#         319
  C:0CF3H         LINE#         320
  C:0CF3H         LINE#         321
  C:0CF6H         LINE#         322
  C:0CF6H         LINE#         323
  C:0CF9H         LINE#         324
  C:0CF9H         LINE#         325
  C:0CF9H         LINE#         326
  C:0CF9H         LINE#         327
  C:0CF9H         LINE#         328
  -------         ENDPROC       GAME_BACK
  -------         PROC          GAME
  -------         DO            
  C:0AA0H         SYMBOL        loop1
  -------         ENDDO         
  C:0A9DH         LINE#         330
  C:0A9DH         LINE#         331
  C:0A9DH         LINE#         332
  C:0AA0H         LINE#         333
  C:0AA0H         LINE#         334
  C:0AA0H         LINE#         335
  C:0AA0H         LINE#         336
  C:0AA2H         LINE#         337
  C:0AA8H         LINE#         338
  C:0AA8H         LINE#         339
BL51 BANKED LINKER/LOCATER V6.22                                                      09/11/2020  17:09:50  PAGE 11


  C:0AABH         LINE#         340
  C:0AB1H         LINE#         341
  C:0AB1H         LINE#         342
  C:0AB4H         LINE#         343
  C:0AB7H         LINE#         344
  C:0AB9H         LINE#         345
  C:0ABCH         LINE#         346
  C:0AC2H         LINE#         347
  C:0AC9H         LINE#         348
  C:0ACCH         LINE#         349
  C:0ACFH         LINE#         350
  C:0ACFH         LINE#         351
  C:0AD2H         LINE#         352
  C:0AD5H         LINE#         353
  C:0AD5H         LINE#         354
  C:0AD8H         LINE#         355
  C:0ADBH         LINE#         356
  C:0ADDH         LINE#         357
  C:0ADDH         LINE#         358
  C:0ADDH         LINE#         359
  C:0AE0H         LINE#         360
  C:0AE0H         LINE#         361
  C:0AE3H         LINE#         362
  C:0AE6H         LINE#         363
  C:0AE6H         LINE#         364
  C:0AE9H         LINE#         365
  C:0AEDH         LINE#         366
  C:0AEDH         LINE#         367
  C:0AEDH         LINE#         370
  -------         ENDPROC       GAME
  -------         PROC          LOGIN
  C:0B86H         LINE#         374
  C:0B86H         LINE#         375
  C:0B86H         LINE#         376
  C:0B89H         LINE#         377
  C:0B8DH         LINE#         378
  C:0B8DH         LINE#         379
  C:0B8DH         LINE#         380
  C:0B8FH         LINE#         381
  C:0B92H         LINE#         382
  C:0B95H         LINE#         383
  C:0B98H         LINE#         384
  C:0B98H         LINE#         385
  C:0B9BH         LINE#         386
  C:0B9EH         LINE#         387
  C:0B9EH         LINE#         388
  C:0BA1H         LINE#         389
  C:0BA1H         LINE#         390
  C:0BA4H         LINE#         392
  C:0BA4H         LINE#         393
  C:0BA4H         LINE#         394
  C:0BA4H         LINE#         395
  C:0BA7H         LINE#         396
  C:0BA7H         LINE#         397
  C:0BAAH         LINE#         398
  C:0BADH         LINE#         399
  C:0BADH         LINE#         400
BL51 BANKED LINKER/LOCATER V6.22                                                      09/11/2020  17:09:50  PAGE 12


  C:0BB0H         LINE#         401
  C:0BB8H         LINE#         402
  C:0BBEH         LINE#         404
  C:0BC6H         LINE#         406
  C:0BC6H         LINE#         407
  C:0BC6H         LINE#         408
  -------         ENDPROC       LOGIN
  -------         PROC          LIST
  C:0C3BH         LINE#         413
  C:0C3BH         LINE#         414
  C:0C3BH         LINE#         415
  C:0C3DH         LINE#         416
  C:0C3DH         LINE#         417
  C:0C3DH         LINE#         418
  C:0C3FH         LINE#         419
  C:0C42H         LINE#         420
  C:0C45H         LINE#         421
  C:0C48H         LINE#         422
  C:0C48H         LINE#         423
  C:0C4BH         LINE#         424
  C:0C4EH         LINE#         425
  C:0C4EH         LINE#         426
  C:0C51H         LINE#         427
  C:0C51H         LINE#         428
  C:0C54H         LINE#         429
  C:0C55H         LINE#         430
  C:0C55H         LINE#         431
  C:0C55H         LINE#         432
  C:0C55H         LINE#         433
  C:0C58H         LINE#         434
  C:0C58H         LINE#         435
  C:0C5BH         LINE#         436
  C:0C5EH         LINE#         437
  C:0C5EH         LINE#         438
  C:0C61H         LINE#         439
  C:0C66H         LINE#         440
  C:0C6BH         LINE#         442
  C:0C6DH         LINE#         444
  C:0C6DH         LINE#         445
  C:0C6DH         LINE#         446
  -------         ENDPROC       LIST
  -------         PROC          MAIN
  C:0C6FH         LINE#         450
  C:0C6FH         LINE#         451
  C:0C6FH         LINE#         452
  C:0C72H         LINE#         453
  C:0C72H         LINE#         454
  C:0C72H         LINE#         455
  C:0C74H         LINE#         456
  C:0C77H         LINE#         457
  C:0C7AH         LINE#         458
  C:0C7DH         LINE#         459
  C:0C7DH         LINE#         460
  C:0C80H         LINE#         461
  C:0C83H         LINE#         462
  C:0C83H         LINE#         463
  C:0C86H         LINE#         464
BL51 BANKED LINKER/LOCATER V6.22                                                      09/11/2020  17:09:50  PAGE 13


  C:0C8AH         LINE#         465
  C:0C8FH         LINE#         467
  C:0C92H         LINE#         468
  C:0C92H         LINE#         469
  C:0C92H         LINE#         470
  C:0C95H         LINE#         471
  C:0C95H         LINE#         472
  C:0C98H         LINE#         473
  C:0C9BH         LINE#         474
  C:0C9BH         LINE#         475
  C:0C9EH         LINE#         476
  C:0CA1H         LINE#         477
  C:0CA1H         LINE#         478
  C:0CA1H         LINE#         479
  -------         ENDPROC       MAIN
  -------         PROC          T0_PROCESS
  C:0DB8H         LINE#         483
  C:0DB8H         LINE#         485
  C:0DBBH         LINE#         486
  C:0DBBH         LINE#         487
  C:0DBDH         LINE#         488
  C:0DBEH         LINE#         490
  C:0DBEH         LINE#         491
  C:0DC0H         LINE#         492
  C:0DC0H         LINE#         493
  -------         ENDPROC       T0_PROCESS
  -------         ENDMOD        TEST

  -------         MODULE        ?C?UIDIV
  C:088CH         PUBLIC        ?C?UIDIV
  -------         ENDMOD        ?C?UIDIV

  -------         MODULE        ?C?SIDIV
  C:08E1H         PUBLIC        ?C?SIDIV
  -------         ENDMOD        ?C?SIDIV

  -------         MODULE        RAND
  D:0008H         PUBLIC        ?SRAND?BYTE
  C:0AEFH         PUBLIC        RAND
  C:0B31H         PUBLIC        _SRAND
  -------         ENDMOD        RAND

******************************************************************************
* RESTRICTED VERSION WITH 0800H BYTE CODE SIZE LIMIT; USED: 046EH BYTE (55%) *
******************************************************************************

Program Size: data=110.1 xdata=0 code=1479
LINK/LOCATE RUN COMPLETE.  0 WARNING(S),  0 ERROR(S)
